BL51 BANKED LINKER/LOCATER V6.22                                                        05/06/2015  09:33:42  PAGE 1


BL51 BANKED LINKER/LOCATER V6.22, INVOKED BY:
D:\KEIL_V5\C51\BIN\BL51.EXE main.obj, uart.obj, led.obj, da.obj, ad.obj, key.obj, ds18b20.obj, 1602.obj, 12864.obj, 24c0
>> 2.obj, dot.obj, ds12c887.obj, step.obj, dc_motor.obj, helm_motor.obj, relay.obj, interrupt.obj TO BoardTest RAMSIZE (
>> 256)


MEMORY MODEL: SMALL WITH FLOATING POINT ARITHMETIC


INPUT MODULES INCLUDED:
  main.obj (MAIN)
  uart.obj (UART)
  led.obj (LED)
  da.obj (DA)
  ad.obj (AD)
  key.obj (KEY)
  ds18b20.obj (DS18B20)
  1602.obj (1602)
  12864.obj (12864)
  24c02.obj (24C02)
  dot.obj (DOT)
  ds12c887.obj (DS12C887)
  step.obj (STEP)
  dc_motor.obj (DC_MOTOR)
  helm_motor.obj (HELM_MOTOR)
  relay.obj (RELAY)
  interrupt.obj (INTERRUPT)
  D:\KEIL_V5\C51\LIB\C51FPS.LIB (?C?FPADD)
  D:\KEIL_V5\C51\LIB\C51FPS.LIB (?C?FPMUL)
  D:\KEIL_V5\C51\LIB\C51FPS.LIB (?C?FCAST)
  D:\KEIL_V5\C51\LIB\C51FPS.LIB (?C?CASTF)
  D:\KEIL_V5\C51\LIB\C51FPS.LIB (?C?FPGETOPN)
  D:\KEIL_V5\C51\LIB\C51S.LIB (?C_STARTUP)
  D:\KEIL_V5\C51\LIB\C51S.LIB (?C?SCDIV)
  D:\KEIL_V5\C51\LIB\C51S.LIB (?C?UIDIV)
  D:\KEIL_V5\C51\LIB\C51S.LIB (?C?ULDIV)
  D:\KEIL_V5\C51\LIB\C51S.LIB (?C?LNEG)
  D:\KEIL_V5\C51\LIB\C51S.LIB (?C?ULCMP)
  D:\KEIL_V5\C51\LIB\C51S.LIB (?C?CCASE)
  D:\KEIL_V5\C51\LIB\C51S.LIB (?C_INIT)


LINK MAP OF MODULE:  BoardTest (MAIN)


            TYPE    BASE      LENGTH    RELOCATION   SEGMENT NAME
            -----------------------------------------------------

            * * * * * * *   D A T A   M E M O R Y   * * * * * * *
            REG     0000H     0008H     ABSOLUTE     "REG BANK 0"
            DATA    0008H     000EH     UNIT         ?DT?DS12C887
            DATA    0016H     0008H     UNIT         ?DT?RELAY
            DATA    001EH     0002H     UNIT         ?DT?HELM_MOTOR
            BIT     0020H.0   0000H.2   UNIT         ?BI?DS12C887
            BIT     0020H.2   0000H.1   UNIT         ?BI?24C02
            BIT     0020H.3   0000H.1   UNIT         _BIT_GROUP_
                    0020H.4   0000H.4                *** GAP ***
            DATA    0021H     000CH     UNIT         ?DT?STEP
BL51 BANKED LINKER/LOCATER V6.22                                                      05/06/2015  09:33:42  PAGE 2


            DATA    002DH     0004H     UNIT         ?DT?INTERRUPT
            DATA    0031H     0004H     UNIT         _DATA_GROUP_
            DATA    0035H     0003H     UNIT         ?DT?DS18B20
            DATA    0038H     0003H     UNIT         ?DT?24C02
            DATA    003BH     0003H     UNIT         ?DT?DC_MOTOR
            DATA    003EH     0001H     UNIT         ?DT?UART
            DATA    003FH     0001H     UNIT         ?DT?_WRITE_WEEK?DS12C887
            IDATA   0040H     0001H     UNIT         ?STACK

            * * * * * * *   C O D E   M E M O R Y   * * * * * * *
            CODE    0000H     0003H     ABSOLUTE     
            CODE    0003H     0008H     UNIT         ?PR?_SEND_CHAR?UART
            CODE    000BH     0003H     ABSOLUTE     
            CODE    000EH     0005H     UNIT         ?PR?PAR_OUT?DOT
            CODE    0013H     0003H     ABSOLUTE     
            CODE    0016H     000AH     UNIT         ?PR?X24C08_INIT?24C02
                    0020H     0003H                  *** GAP ***
            CODE    0023H     0003H     ABSOLUTE     
            CODE    0026H     0447H     UNIT         ?C?LIB_CODE
            CODE    046DH     0443H     UNIT         ?CO?MAIN
            CODE    08B0H     0166H     UNIT         ?PR?KEY_MAIN?KEY
            CODE    0A16H     0140H     UNIT         ?PR?TEST_PROCESS?MAIN
            CODE    0B56H     013FH     UNIT         ?PR?INTERSVR1?INTERRUPT
            CODE    0C95H     012DH     UNIT         ?CO?UART
            CODE    0DC2H     00BDH     UNIT         ?PR?_WRITE_WEEK?DS12C887
            CODE    0E7FH     00A1H     UNIT         ?PR?DS12887_INIT?DS12C887
            CODE    0F20H     0097H     UNIT         ?PR?HELM_DISPLAY?HELM_MOTOR
            CODE    0FB7H     008EH     UNIT         ?PR?_DISPLAY_18B20?DS18B20
            CODE    1045H     008CH     UNIT         ?C_C51STARTUP
            CODE    10D1H     006FH     UNIT         ?PR?TX12864_MAIN?12864
            CODE    1140H     0069H     UNIT         ?PR?DS12C887_MAIN?DS12C887
            CODE    11A9H     0064H     UNIT         ?PR?SERIAL?UART
            CODE    120DH     0063H     UNIT         ?PR?DOT_MAIN?DOT
            CODE    1270H     0062H     UNIT         ?PR?AD_MAIN?AD
            CODE    12D2H     005FH     UNIT         ?PR?TX1602_MAIN?1602
            CODE    1331H     005EH     UNIT         ?PR?TMP?DS18B20
            CODE    138FH     005BH     UNIT         ?PR?STEP_DISPLAY?STEP
            CODE    13EAH     0058H     UNIT         ?CO?DOT
            CODE    1442H     0058H     UNIT         ?PR?DC_INF_DISPOSE?DC_MOTOR
            CODE    149AH     0055H     UNIT         ?PR?INF_DISPOSE?STEP
            CODE    14EFH     0054H     UNIT         ?PR?_TMPWRITEBYTE?DS18B20
            CODE    1543H     0053H     UNIT         ?PR?_DISPLAY?AD
            CODE    1596H     0051H     UNIT         ?PR?AT24C02_MAIN?24C02
            CODE    15E7H     0047H     UNIT         ?PR?TIME0_INT?INTERRUPT
            CODE    162EH     003DH     UNIT         ?PR?STEP_MAIN?STEP
            CODE    166BH     003AH     UNIT         ?CO?12864
            CODE    16A5H     0038H     UNIT         ?PR?LED_MAIN?LED
            CODE    16DDH     0037H     UNIT         ?PR?MOTOR_DRIVER?STEP
            CODE    1714H     0033H     UNIT         ?PR?_DISPLAY_24C?24C02
            CODE    1747H     002FH     UNIT         ?PR?HELM_INF_DISPOSE?HELM_MOTOR
            CODE    1776H     002BH     UNIT         ?PR?DA_MAIN?DA
            CODE    17A1H     002AH     UNIT         ?PR?SYSTEM_INIT?MAIN
            CODE    17CBH     002AH     UNIT         ?PR?_DELAY_1602?1602
            CODE    17F5H     002AH     UNIT         ?PR?_WRITE_SFM?DS12C887
            CODE    181FH     002AH     UNIT         ?PR?_WRITE_NYR?DS12C887
            CODE    1849H     0027H     UNIT         ?PR?READX?24C02
            CODE    1870H     0026H     UNIT         ?PR?LCD_INIT?12864
BL51 BANKED LINKER/LOCATER V6.22                                                      05/06/2015  09:33:42  PAGE 3


            CODE    1896H     0025H     UNIT         ?PR?_X24C08_READ?24C02
            CODE    18BBH     0024H     UNIT         ?PR?TMPREADBIT?DS18B20
            CODE    18DFH     0024H     UNIT         ?PR?_WRITE_DS?DS12C887
            CODE    1903H     0024H     UNIT         ?PR?DC_MAIN?DC_MOTOR
            CODE    1927H     0023H     UNIT         ?PR?_DELAY1_1602?1602
            CODE    194AH     0023H     UNIT         ?PR?CLOCK?24C02
            CODE    196DH     0022H     UNIT         ?PR?_LCD_WCMD?12864
            CODE    198FH     0022H     UNIT         ?PR?_DS12887_DELAY?DS12C887
            CODE    19B1H     0021H     UNIT         ?PR?_DELAY_DS18B20?DS18B20
            CODE    19D2H     0021H     UNIT         ?PR?_DELAY_12864?12864
            CODE    19F3H     0020H     UNIT         ?PR?_LCD_WDAT?12864
            CODE    1A13H     0020H     UNIT         ?PR?_LCD_POS?12864
            CODE    1A33H     0020H     UNIT         ?PR?DC_DISPLAY?DC_MOTOR
            CODE    1A53H     0020H     UNIT         ?PR?HELM_MAIN?HELM_MOTOR
            CODE    1A73H     0020H     UNIT         ?PR?RELAY_MAIN?RELAY
            CODE    1A93H     001FH     UNIT         ?PR?DSRESET?DS18B20
            CODE    1AB2H     001EH     UNIT         ?C_INITSEG
            CODE    1AD0H     001EH     UNIT         ?PR?_WRITEX?24C02
            CODE    1AEEH     001EH     UNIT         ?PR?_X24C08_WRITE?24C02
            CODE    1B0CH     001DH     UNIT         ?PR?_SEND_STRING?UART
            CODE    1B29H     001DH     UNIT         ?PR?TMPREAD?DS18B20
            CODE    1B46H     001DH     UNIT         ?CO?DS12C887
            CODE    1B63H     001CH     UNIT         ?CO?1602
            CODE    1B7FH     001BH     UNIT         ?PR?INIT?1602
            CODE    1B9AH     001AH     UNIT         ?PR?_READ_DS?DS12C887
            CODE    1BB4H     0019H     UNIT         ?PR?UART?UART
            CODE    1BCDH     0019H     UNIT         ?PR?_LCD_WRITE_COM?1602
            CODE    1BE6H     0019H     UNIT         ?PR?_LCD_WRITE_DATE?1602
            CODE    1BFFH     0017H     UNIT         ?PR?_DISPLAY_KEY?KEY
            CODE    1C16H     0015H     UNIT         ?PR?_DELAY3_24C?24C02
            CODE    1C2BH     0014H     UNIT         ?PR?_DELAY_AD?AD
            CODE    1C3FH     0014H     UNIT         ?PR?DS18B20_MAIN?DS18B20
            CODE    1C53H     0014H     UNIT         ?PR?LCD_BUSY?12864
            CODE    1C67H     0014H     UNIT         ?PR?_HELM_DELAY?HELM_MOTOR
            CODE    1C7BH     0013H     UNIT         ?PR?_SER_IN?DOT
            CODE    1C8EH     0012H     UNIT         ?CO?KEY
            CODE    1CA0H     0011H     UNIT         ?PR?MAIN?MAIN
            CODE    1CB1H     0011H     UNIT         ?PR?DC_TIME0_INIT?DC_MOTOR
            CODE    1CC2H     0011H     UNIT         ?PR?HELM_TIME0_INIT?HELM_MOTOR
            CODE    1CD3H     0010H     UNIT         ?PR?SET_TIME?DS12C887
            CODE    1CE3H     0010H     UNIT         ?PR?RELAY_INF_DISPOSE?RELAY
            CODE    1CF3H     000FH     UNIT         ?PR?START_24C?24C02
            CODE    1D02H     000EH     UNIT         ?PR?_DELAY_DA?DA
            CODE    1D10H     000EH     UNIT         ?PR?_DELAY_KEY?KEY
            CODE    1D1EH     000EH     UNIT         ?PR?_DELAY_24C?24C02
            CODE    1D2CH     000EH     UNIT         ?PR?_STEP_DELAY?STEP
            CODE    1D3AH     000EH     UNIT         ?PR?_DC_DELAY?DC_MOTOR
            CODE    1D48H     000AH     UNIT         ?PR?STOP?24C02
            CODE    1D52H     0009H     UNIT         ?PR?DELAY10MS?LED
            CODE    1D5BH     0008H     UNIT         ?PR?TMPCHANGE?DS18B20
            CODE    1D63H     0008H     UNIT         ?CO?STEP
            CODE    1D6BH     0007H     UNIT         ?PR?START?UART
            CODE    1D72H     0006H     UNIT         ?PR?FLASH?24C02



OVERLAY MAP OF MODULE:   BoardTest (MAIN)
BL51 BANKED LINKER/LOCATER V6.22                                                      05/06/2015  09:33:42  PAGE 4




SEGMENT                                    BIT_GROUP          DATA_GROUP 
  +--> CALLED SEGMENT                   START    LENGTH     START    LENGTH
---------------------------------------------------------------------------
?C_C51STARTUP                           -----    -----      -----    -----
  +--> ?PR?MAIN?MAIN
  +--> ?C_INITSEG

?PR?MAIN?MAIN                           -----    -----      -----    -----
  +--> ?PR?SYSTEM_INIT?MAIN
  +--> ?PR?UART?UART
  +--> ?PR?START?UART
  +--> ?PR?TEST_PROCESS?MAIN

?PR?START?UART                          -----    -----      -----    -----
  +--> ?CO?UART
  +--> ?PR?_SEND_STRING?UART

?PR?_SEND_STRING?UART                   -----    -----      -----    -----
  +--> ?PR?_SEND_CHAR?UART

?PR?TEST_PROCESS?MAIN                   -----    -----      -----    -----
  +--> ?CO?MAIN
  +--> ?PR?_SEND_STRING?UART
  +--> ?PR?LED_MAIN?LED
  +--> ?PR?DA_MAIN?DA
  +--> ?PR?AD_MAIN?AD
  +--> ?PR?KEY_MAIN?KEY
  +--> ?PR?DS18B20_MAIN?DS18B20
  +--> ?PR?TX1602_MAIN?1602
  +--> ?PR?TX12864_MAIN?12864
  +--> ?PR?AT24C02_MAIN?24C02
  +--> ?PR?DOT_MAIN?DOT
  +--> ?PR?DS12C887_MAIN?DS12C887
  +--> ?PR?STEP_MAIN?STEP
  +--> ?PR?DC_MAIN?DC_MOTOR
  +--> ?PR?HELM_MAIN?HELM_MOTOR
  +--> ?PR?RELAY_MAIN?RELAY
  +--> ?PR?START?UART

?PR?LED_MAIN?LED                        -----    -----      0031H    0001H
  +--> ?PR?SYSTEM_INIT?MAIN
  +--> ?PR?DELAY10MS?LED

?PR?DA_MAIN?DA                          -----    -----      0031H    0002H
  +--> ?PR?SYSTEM_INIT?MAIN
  +--> ?PR?_DELAY_DA?DA

?PR?AD_MAIN?AD                          -----    -----      0031H    0004H
  +--> ?PR?SYSTEM_INIT?MAIN
  +--> ?PR?_DISPLAY?AD

?PR?_DISPLAY?AD                         -----    -----      -----    -----
  +--> ?CO?KEY
  +--> ?PR?_DELAY_AD?AD

BL51 BANKED LINKER/LOCATER V6.22                                                      05/06/2015  09:33:42  PAGE 5


?PR?KEY_MAIN?KEY                        -----    -----      0031H    0002H
  +--> ?PR?SYSTEM_INIT?MAIN
  +--> ?PR?_DELAY_KEY?KEY
  +--> ?PR?_DISPLAY_KEY?KEY

?PR?_DISPLAY_KEY?KEY                    -----    -----      -----    -----
  +--> ?CO?KEY

?PR?DS18B20_MAIN?DS18B20                -----    -----      -----    -----
  +--> ?PR?SYSTEM_INIT?MAIN
  +--> ?PR?TMPCHANGE?DS18B20
  +--> ?PR?TMP?DS18B20
  +--> ?PR?_DISPLAY_18B20?DS18B20

?PR?TMPCHANGE?DS18B20                   -----    -----      -----    -----
  +--> ?PR?_TMPWRITEBYTE?DS18B20

?PR?_TMPWRITEBYTE?DS18B20               0020H.3  0000H.1    -----    -----
  +--> ?PR?DSRESET?DS18B20
  +--> ?PR?_DELAY_DS18B20?DS18B20

?PR?TMP?DS18B20                         -----    -----      0031H    0004H
  +--> ?PR?_TMPWRITEBYTE?DS18B20
  +--> ?PR?TMPREAD?DS18B20

?PR?TMPREAD?DS18B20                     -----    -----      -----    -----
  +--> ?PR?TMPREADBIT?DS18B20

?PR?TMPREADBIT?DS18B20                  0020H.3  0000H.1    -----    -----

?PR?_DISPLAY_18B20?DS18B20              -----    -----      0031H    0002H
  +--> ?CO?KEY
  +--> ?PR?_DELAY_DS18B20?DS18B20

?PR?TX1602_MAIN?1602                    -----    -----      -----    -----
  +--> ?PR?SYSTEM_INIT?MAIN
  +--> ?PR?INIT?1602
  +--> ?PR?_DELAY_1602?1602
  +--> ?CO?1602
  +--> ?PR?_LCD_WRITE_DATE?1602
  +--> ?PR?_LCD_WRITE_COM?1602
  +--> ?PR?_DELAY1_1602?1602

?PR?INIT?1602                           -----    -----      -----    -----
  +--> ?PR?_DELAY_1602?1602
  +--> ?PR?_LCD_WRITE_COM?1602

?PR?_LCD_WRITE_COM?1602                 -----    -----      -----    -----
  +--> ?PR?_DELAY_1602?1602

?PR?_LCD_WRITE_DATE?1602                -----    -----      -----    -----
  +--> ?PR?_DELAY_1602?1602

?PR?TX12864_MAIN?12864                  -----    -----      -----    -----
  +--> ?PR?SYSTEM_INIT?MAIN
  +--> ?PR?_DELAY_12864?12864
  +--> ?PR?LCD_INIT?12864
BL51 BANKED LINKER/LOCATER V6.22                                                      05/06/2015  09:33:42  PAGE 6


  +--> ?PR?_LCD_POS?12864
  +--> ?CO?12864
  +--> ?PR?_LCD_WDAT?12864

?PR?_DELAY_12864?12864                  -----    -----      0031H    0001H

?PR?LCD_INIT?12864                      -----    -----      -----    -----
  +--> ?PR?_LCD_WCMD?12864
  +--> ?PR?_DELAY_12864?12864

?PR?_LCD_WCMD?12864                     -----    -----      -----    -----
  +--> ?PR?LCD_BUSY?12864

?PR?LCD_BUSY?12864                      0020H.3  0000H.1    -----    -----

?PR?_LCD_POS?12864                      -----    -----      -----    -----
  +--> ?PR?_LCD_WCMD?12864

?PR?_LCD_WDAT?12864                     -----    -----      -----    -----
  +--> ?PR?LCD_BUSY?12864

?PR?AT24C02_MAIN?24C02                  -----    -----      -----    -----
  +--> ?PR?SYSTEM_INIT?MAIN
  +--> ?PR?X24C08_INIT?24C02
  +--> ?PR?_X24C08_READ?24C02
  +--> ?PR?_DISPLAY_24C?24C02
  +--> ?PR?_X24C08_WRITE?24C02

?PR?X24C08_INIT?24C02                   -----    -----      -----    -----
  +--> ?PR?FLASH?24C02

?PR?_X24C08_READ?24C02                  -----    -----      -----    -----
  +--> ?PR?START_24C?24C02
  +--> ?PR?CLOCK?24C02
  +--> ?PR?_WRITEX?24C02
  +--> ?PR?READX?24C02
  +--> ?PR?STOP?24C02
  +--> ?PR?_DELAY3_24C?24C02

?PR?START_24C?24C02                     -----    -----      -----    -----
  +--> ?PR?FLASH?24C02

?PR?CLOCK?24C02                         -----    -----      -----    -----
  +--> ?PR?_WRITEX?24C02
  +--> ?PR?FLASH?24C02

?PR?_WRITEX?24C02                       -----    -----      -----    -----
  +--> ?PR?FLASH?24C02

?PR?READX?24C02                         -----    -----      -----    -----
  +--> ?PR?FLASH?24C02

?PR?STOP?24C02                          -----    -----      -----    -----
  +--> ?PR?FLASH?24C02

?PR?_DISPLAY_24C?24C02                  -----    -----      -----    -----
  +--> ?CO?KEY
BL51 BANKED LINKER/LOCATER V6.22                                                      05/06/2015  09:33:42  PAGE 7


  +--> ?PR?_DELAY_24C?24C02

?PR?_X24C08_WRITE?24C02                 -----    -----      -----    -----
  +--> ?PR?START_24C?24C02
  +--> ?PR?_WRITEX?24C02
  +--> ?PR?CLOCK?24C02
  +--> ?PR?STOP?24C02
  +--> ?PR?_DELAY3_24C?24C02

?PR?DOT_MAIN?DOT                        -----    -----      0031H    0002H
  +--> ?PR?SYSTEM_INIT?MAIN
  +--> ?CO?DOT
  +--> ?PR?_SER_IN?DOT
  +--> ?PR?PAR_OUT?DOT

?PR?DS12C887_MAIN?DS12C887              -----    -----      -----    -----
  +--> ?PR?SYSTEM_INIT?MAIN
  +--> ?PR?DS12887_INIT?DS12C887
  +--> ?PR?_READ_DS?DS12C887
  +--> ?PR?_WRITE_SFM?DS12C887
  +--> ?PR?_WRITE_NYR?DS12C887

?PR?DS12887_INIT?DS12C887               -----    -----      0031H    0001H
  +--> ?PR?_WRITE_DS?DS12C887
  +--> ?PR?SET_TIME?DS12C887
  +--> ?PR?_LCD_WRITE_COM?1602
  +--> ?PR?_DELAY_1602?1602
  +--> ?CO?DS12C887
  +--> ?PR?_LCD_WRITE_DATE?1602
  +--> ?PR?_DS12887_DELAY?DS12C887

?PR?SET_TIME?DS12C887                   -----    -----      -----    -----
  +--> ?PR?_WRITE_DS?DS12C887

?PR?_WRITE_SFM?DS12C887                 -----    -----      0031H    0002H
  +--> ?PR?_LCD_WRITE_COM?1602
  +--> ?PR?_LCD_WRITE_DATE?1602

?PR?_WRITE_NYR?DS12C887                 -----    -----      0031H    0002H
  +--> ?PR?_LCD_WRITE_COM?1602
  +--> ?PR?_LCD_WRITE_DATE?1602

?PR?STEP_MAIN?STEP                      -----    -----      -----    -----
  +--> ?PR?SYSTEM_INIT?MAIN
  +--> ?PR?INF_DISPOSE?STEP
  +--> ?PR?MOTOR_DRIVER?STEP
  +--> ?PR?STEP_DISPLAY?STEP

?PR?MOTOR_DRIVER?STEP                   -----    -----      -----    -----
  +--> ?CO?STEP
  +--> ?PR?STEP_DISPLAY?STEP

?PR?STEP_DISPLAY?STEP                   -----    -----      -----    -----
  +--> ?CO?KEY
  +--> ?PR?_STEP_DELAY?STEP

?PR?DC_MAIN?DC_MOTOR                    -----    -----      -----    -----
BL51 BANKED LINKER/LOCATER V6.22                                                      05/06/2015  09:33:42  PAGE 8


  +--> ?PR?SYSTEM_INIT?MAIN
  +--> ?PR?DC_TIME0_INIT?DC_MOTOR
  +--> ?PR?DC_INF_DISPOSE?DC_MOTOR
  +--> ?PR?DC_DISPLAY?DC_MOTOR

?PR?DC_DISPLAY?DC_MOTOR                 -----    -----      -----    -----
  +--> ?CO?KEY
  +--> ?PR?_DC_DELAY?DC_MOTOR

?PR?HELM_MAIN?HELM_MOTOR                -----    -----      -----    -----
  +--> ?PR?SYSTEM_INIT?MAIN
  +--> ?PR?HELM_TIME0_INIT?HELM_MOTOR
  +--> ?PR?HELM_INF_DISPOSE?HELM_MOTOR
  +--> ?PR?HELM_DISPLAY?HELM_MOTOR

?PR?HELM_DISPLAY?HELM_MOTOR             -----    -----      -----    -----
  +--> ?CO?KEY
  +--> ?PR?_HELM_DELAY?HELM_MOTOR

?PR?RELAY_MAIN?RELAY                    -----    -----      -----    -----
  +--> ?PR?SYSTEM_INIT?MAIN
  +--> ?PR?RELAY_INF_DISPOSE?RELAY



SYMBOL TABLE OF MODULE:  BoardTest (MAIN)

  VALUE           TYPE          NAME
  ----------------------------------

  -------         MODULE        MAIN
  C:0000H         SYMBOL        _ICE_DUMMY_
  D:0080H         PUBLIC        P0
  D:0090H         PUBLIC        P1
  D:00A0H         PUBLIC        P2
  D:00B0H         PUBLIC        P3
  D:00E8H         PUBLIC        P4
  B:00A0H.5       PUBLIC        diola
  D:00A8H         PUBLIC        IE
  D:00B8H         PUBLIC        IP
  B:00B0H.2       PUBLIC        csda
  B:00A0H.0       PUBLIC        relay
  C:1CA0H         PUBLIC        main
  C:0A16H         PUBLIC        test_process
  B:00A0H.6       PUBLIC        dula
  B:00A0H.7       PUBLIC        wela
  B:00B0H.6       PUBLIC        dawr
  D:0098H         PUBLIC        SCON
  D:0088H         PUBLIC        TCON
  B:0090H.7       PUBLIC        helm_motor
  C:17A1H         PUBLIC        system_init
  B:0090H.7       PUBLIC        dc_motor
  D:00C8H         PUBLIC        T2CON
  D:00D0H         PUBLIC        PSW
  -------         PROC          SYSTEM_INIT
  C:17A1H         LINE#         14
  C:17A1H         LINE#         15
BL51 BANKED LINKER/LOCATER V6.22                                                      05/06/2015  09:33:42  PAGE 9


  C:17A1H         LINE#         16
  C:17A3H         LINE#         17
  C:17A5H         LINE#         18
  C:17A8H         LINE#         19
  C:17AAH         LINE#         20
  C:17ACH         LINE#         21
  C:17AFH         LINE#         22
  C:17B1H         LINE#         23
  C:17B3H         LINE#         24
  C:17B6H         LINE#         25
  C:17B8H         LINE#         26
  C:17BAH         LINE#         27
  C:17BCH         LINE#         28
  C:17BEH         LINE#         29
  C:17C0H         LINE#         30
  C:17C2H         LINE#         31
  C:17C4H         LINE#         32
  C:17C7H         LINE#         33
  C:17CAH         LINE#         34
  -------         ENDPROC       SYSTEM_INIT
  -------         PROC          MAIN
  C:1CA0H         LINE#         35
  C:1CA0H         LINE#         36
  C:1CA0H         LINE#         37
  C:1CA3H         LINE#         38
  C:1CA6H         LINE#         39
  C:1CA9H         LINE#         40
  C:1CACH         LINE#         41
  C:1CACH         LINE#         42
  C:1CACH         LINE#         43
  C:1CAFH         LINE#         44
  -------         ENDPROC       MAIN
  -------         PROC          TEST_PROCESS
  C:0A16H         LINE#         46
  C:0A16H         LINE#         47
  C:0A16H         LINE#         48
  C:0A4CH         LINE#         49
  C:0A4CH         LINE#         50
  C:0A4CH         LINE#         51
  C:0A4CH         LINE#         52
  C:0A4CH         LINE#         53
  C:0A4FH         LINE#         54
  C:0A4FH         LINE#         55
  C:0A4FH         LINE#         56
  C:0A4FH         LINE#         57
  C:0A56H         LINE#         58
  C:0A59H         LINE#         59
  C:0A59H         LINE#         60
  C:0A5CH         LINE#         61
  C:0A5CH         LINE#         62
  C:0A5CH         LINE#         63
  C:0A5CH         LINE#         64
  C:0A63H         LINE#         65
  C:0A66H         LINE#         66
  C:0A66H         LINE#         67
  C:0A69H         LINE#         68
  C:0A69H         LINE#         69
BL51 BANKED LINKER/LOCATER V6.22                                                      05/06/2015  09:33:42  PAGE 10


  C:0A69H         LINE#         70
  C:0A69H         LINE#         71
  C:0A70H         LINE#         72
  C:0A73H         LINE#         73
  C:0A73H         LINE#         74
  C:0A76H         LINE#         75
  C:0A76H         LINE#         77
  C:0A76H         LINE#         78
  C:0A76H         LINE#         79
  C:0A7DH         LINE#         80
  C:0A80H         LINE#         81
  C:0A80H         LINE#         82
  C:0A83H         LINE#         83
  C:0A83H         LINE#         85
  C:0A83H         LINE#         86
  C:0A83H         LINE#         87
  C:0A8AH         LINE#         88
  C:0A8DH         LINE#         89
  C:0A8DH         LINE#         90
  C:0A90H         LINE#         91
  C:0A90H         LINE#         92
  C:0A90H         LINE#         93
  C:0A90H         LINE#         94
  C:0A97H         LINE#         95
  C:0A9AH         LINE#         96
  C:0A9AH         LINE#         97
  C:0A9DH         LINE#         98
  C:0A9DH         LINE#         99
  C:0A9DH         LINE#         100
  C:0A9DH         LINE#         101
  C:0AA4H         LINE#         102
  C:0AA7H         LINE#         103
  C:0AA7H         LINE#         104
  C:0AAAH         LINE#         105
  C:0AAAH         LINE#         106
  C:0AAAH         LINE#         107
  C:0AAAH         LINE#         108
  C:0AB1H         LINE#         109
  C:0AB4H         LINE#         110
  C:0AB4H         LINE#         111
  C:0AB7H         LINE#         112
  C:0AB7H         LINE#         113
  C:0AB7H         LINE#         114
  C:0AB7H         LINE#         115
  C:0ABEH         LINE#         116
  C:0AC5H         LINE#         119
  C:0ACCH         LINE#         120
  C:0ACFH         LINE#         121
  C:0ACFH         LINE#         122
  C:0AD2H         LINE#         123
  C:0AD2H         LINE#         124
  C:0AD2H         LINE#         125
  C:0AD2H         LINE#         126
  C:0AD9H         LINE#         128
  C:0AE0H         LINE#         133
  C:0AE7H         LINE#         134
  C:0AEAH         LINE#         135
BL51 BANKED LINKER/LOCATER V6.22                                                      05/06/2015  09:33:42  PAGE 11


  C:0AEAH         LINE#         136
  C:0AECH         LINE#         137
  C:0AECH         LINE#         138
  C:0AECH         LINE#         139
  C:0AECH         LINE#         140
  C:0AF3H         LINE#         141
  C:0AFAH         LINE#         143
  C:0B01H         LINE#         144
  C:0B04H         LINE#         145
  C:0B04H         LINE#         146
  C:0B06H         LINE#         147
  C:0B06H         LINE#         148
  C:0B06H         LINE#         149
  C:0B06H         LINE#         150
  C:0B0DH         LINE#         151
  C:0B14H         LINE#         153
  C:0B1BH         LINE#         154
  C:0B1EH         LINE#         155
  C:0B1EH         LINE#         156
  C:0B20H         LINE#         157
  C:0B20H         LINE#         158
  C:0B20H         LINE#         159
  C:0B20H         LINE#         160
  C:0B27H         LINE#         161
  C:0B2EH         LINE#         163
  C:0B35H         LINE#         164
  C:0B38H         LINE#         165
  C:0B38H         LINE#         166
  C:0B3AH         LINE#         167
  C:0B3AH         LINE#         168
  C:0B3AH         LINE#         169
  C:0B3AH         LINE#         170
  C:0B41H         LINE#         171
  C:0B48H         LINE#         173
  C:0B4FH         LINE#         174
  C:0B52H         LINE#         175
  C:0B55H         LINE#         176
  C:0B55H         LINE#         177
  C:0B55H         LINE#         178
  C:0B55H         LINE#         179
  -------         ENDPROC       TEST_PROCESS
  -------         ENDMOD        MAIN

  -------         MODULE        UART
  C:0000H         SYMBOL        _ICE_DUMMY_
  D:0080H         PUBLIC        P0
  D:0090H         PUBLIC        P1
  D:00A0H         PUBLIC        P2
  D:00B0H         PUBLIC        P3
  C:11A9H         PUBLIC        serial
  D:00E8H         PUBLIC        P4
  B:00A8H.7       PUBLIC        EA
  D:00A8H         PUBLIC        IE
  B:00A8H.4       PUBLIC        ES
  D:00B8H         PUBLIC        IP
  B:0098H.0       PUBLIC        RI
  B:0098H.1       PUBLIC        TI
BL51 BANKED LINKER/LOCATER V6.22                                                      05/06/2015  09:33:42  PAGE 12


  C:1B0CH         PUBLIC        _send_string
  C:0003H         PUBLIC        _send_char
  C:1D6BH         PUBLIC        start
  D:0099H         PUBLIC        SBUF
  D:0087H         PUBLIC        PCON
  D:0098H         PUBLIC        SCON
  D:0089H         PUBLIC        TMOD
  D:0088H         PUBLIC        TCON
  C:1BB4H         PUBLIC        uart
  D:008DH         PUBLIC        TH1
  B:0098H.7       PUBLIC        SM0
  B:0098H.6       PUBLIC        SM1
  D:008BH         PUBLIC        TL1
  B:0088H.6       PUBLIC        TR1
  B:0098H.4       PUBLIC        REN
  D:00C8H         PUBLIC        T2CON
  D:003EH         PUBLIC        message
  D:00D0H         PUBLIC        PSW
  -------         PROC          _SEND_CHAR
  D:0007H         SYMBOL        date
  C:0003H         LINE#         3
  C:0003H         LINE#         5
  C:0003H         LINE#         6
  C:0005H         LINE#         7
  C:0008H         LINE#         8
  C:000AH         LINE#         9
  -------         ENDPROC       _SEND_CHAR
  -------         PROC          _SEND_STRING
  D:0004H         SYMBOL        buffer
  C:1B0CH         LINE#         11
  C:1B10H         LINE#         12
  C:1B10H         LINE#         13
  C:1B18H         LINE#         14
  C:1B28H         LINE#         16
  -------         ENDPROC       _SEND_STRING
  -------         PROC          START
  C:1D6BH         LINE#         19
  C:1D6BH         LINE#         20
  C:1D6BH         LINE#         21
  -------         ENDPROC       START
  -------         PROC          UART
  C:1BB4H         LINE#         35
  C:1BB4H         LINE#         36
  C:1BB4H         LINE#         37
  C:1BB7H         LINE#         38
  C:1BBAH         LINE#         39
  C:1BBDH         LINE#         40
  C:1BBFH         LINE#         41
  C:1BC1H         LINE#         42
  C:1BC3H         LINE#         43
  C:1BC5H         LINE#         44
  C:1BC7H         LINE#         45
  C:1BC9H         LINE#         46
  C:1BCCH         LINE#         47
  -------         ENDPROC       UART
  -------         PROC          SERIAL
  C:11A9H         LINE#         48
BL51 BANKED LINKER/LOCATER V6.22                                                      05/06/2015  09:33:42  PAGE 13


  C:11ADH         LINE#         50
  C:11B0H         LINE#         51
  C:11B0H         LINE#         52
  C:11B2H         LINE#         53
  C:1208H         LINE#         55
  C:1208H         LINE#         57
  -------         ENDPROC       SERIAL
  -------         ENDMOD        UART

  -------         MODULE        LED
  C:0000H         SYMBOL        _ICE_DUMMY_
  D:0080H         PUBLIC        P0
  D:0090H         PUBLIC        P1
  D:00A0H         PUBLIC        P2
  D:00B0H         PUBLIC        P3
  D:00E8H         PUBLIC        P4
  B:00A0H.5       PUBLIC        diola
  D:00A8H         PUBLIC        IE
  D:00B8H         PUBLIC        IP
  B:00A0H.3       PUBLIC        beep
  D:0098H         PUBLIC        SCON
  D:0088H         PUBLIC        TCON
  C:16A5H         PUBLIC        led_main
  C:1D52H         PUBLIC        delay10ms
  D:00C8H         PUBLIC        T2CON
  D:00D0H         PUBLIC        PSW
  -------         PROC          DELAY10MS
  -------         DO            
  D:0007H         SYMBOL        a
  D:0006H         SYMBOL        b
  -------         ENDDO         
  C:1D52H         LINE#         2
  C:1D52H         LINE#         3
  C:1D52H         LINE#         5
  C:1D54H         LINE#         6
  C:1D5AH         LINE#         7
  -------         ENDPROC       DELAY10MS
  -------         PROC          LED_MAIN
  -------         DO            
  D:0031H         SYMBOL        liushui
  D:0005H         SYMBOL        k
  -------         ENDDO         
  C:16A5H         LINE#         9
  C:16A5H         LINE#         10
  C:16A5H         LINE#         12
  C:16A8H         LINE#         13
  C:16AAH         LINE#         14
  C:16ACH         LINE#         15
  C:16B2H         LINE#         16
  C:16B2H         LINE#         17
  C:16BBH         LINE#         18
  C:16BBH         LINE#         19
  C:16BDH         LINE#         20
  C:16C0H         LINE#         21
  C:16C2H         LINE#         22
  C:16C5H         LINE#         23
  C:16C7H         LINE#         24
BL51 BANKED LINKER/LOCATER V6.22                                                      05/06/2015  09:33:42  PAGE 14


  C:16D3H         LINE#         25
  C:16D8H         LINE#         26
  C:16DCH         LINE#         27
  C:16DCH         LINE#         28
  -------         ENDPROC       LED_MAIN
  -------         ENDMOD        LED

  -------         MODULE        DA
  C:0000H         SYMBOL        _ICE_DUMMY_
  D:0080H         PUBLIC        P0
  D:0090H         PUBLIC        P1
  D:00A0H         PUBLIC        P2
  D:00B0H         PUBLIC        P3
  D:00E8H         PUBLIC        P4
  D:00A8H         PUBLIC        IE
  D:00B8H         PUBLIC        IP
  B:00B0H.2       PUBLIC        csda
  B:00B0H.6       PUBLIC        dawr
  D:0098H         PUBLIC        SCON
  D:0088H         PUBLIC        TCON
  C:1D02H         PUBLIC        _delay_da
  C:1776H         PUBLIC        da_main
  D:00C8H         PUBLIC        T2CON
  D:00D0H         PUBLIC        PSW
  -------         PROC          _DELAY_DA
  D:0007H         SYMBOL        i
  -------         DO            
  D:0007H         SYMBOL        j
  D:0006H         SYMBOL        k
  -------         ENDDO         
  C:1D02H         LINE#         2
  C:1D02H         LINE#         3
  C:1D02H         LINE#         5
  C:1D08H         LINE#         6
  C:1D0FH         LINE#         7
  -------         ENDPROC       _DELAY_DA
  -------         PROC          DA_MAIN
  -------         DO            
  D:0031H         SYMBOL        a
  D:0032H         SYMBOL        k
  -------         ENDDO         
  C:1776H         LINE#         9
  C:1776H         LINE#         10
  C:1776H         LINE#         12
  C:1779H         LINE#         13
  C:177BH         LINE#         14
  C:177EH         LINE#         15
  C:1780H         LINE#         16
  C:1785H         LINE#         17
  C:1785H         LINE#         18
  C:178FH         LINE#         19
  C:178FH         LINE#         20
  C:1792H         LINE#         21
  C:1797H         LINE#         23
  C:179CH         LINE#         24
  C:17A0H         LINE#         25
  C:17A0H         LINE#         26
BL51 BANKED LINKER/LOCATER V6.22                                                      05/06/2015  09:33:42  PAGE 15


  -------         ENDPROC       DA_MAIN
  -------         ENDMOD        DA

  -------         MODULE        AD
  C:0000H         SYMBOL        _ICE_DUMMY_
  D:0080H         PUBLIC        P0
  D:0090H         PUBLIC        P1
  D:00A0H         PUBLIC        P2
  D:00B0H         PUBLIC        P3
  D:00E8H         PUBLIC        P4
  D:00A8H         PUBLIC        IE
  D:00B8H         PUBLIC        IP
  B:00B0H.7       PUBLIC        adrd
  B:00A0H.6       PUBLIC        dula
  B:00A0H.7       PUBLIC        wela
  B:00B0H.6       PUBLIC        adwr
  D:0098H         PUBLIC        SCON
  D:0088H         PUBLIC        TCON
  C:1C31H         PUBLIC        _delay_ad
  C:1270H         PUBLIC        ad_main
  D:00C8H         PUBLIC        T2CON
  C:1543H         PUBLIC        _display
  D:00D0H         PUBLIC        PSW
  -------         PROC          L?0015
  -------         ENDPROC       L?0015
  -------         PROC          _DELAY_AD
  D:0007H         SYMBOL        i
  -------         DO            
  D:0007H         SYMBOL        j
  D:0006H         SYMBOL        k
  -------         ENDDO         
  C:1C31H         LINE#         2
  C:1C31H         LINE#         3
  C:1C31H         LINE#         5
  C:1C37H         LINE#         6
  C:1C3EH         LINE#         7
  -------         ENDPROC       _DELAY_AD
  -------         PROC          _DISPLAY
  D:0007H         SYMBOL        bai_c
  D:0004H         SYMBOL        sh_c
  D:0002H         SYMBOL        g_c
  C:1543H         LINE#         8
  C:1543H         LINE#         9
  C:1543H         LINE#         10
  C:1545H         LINE#         11
  C:154CH         LINE#         12
  C:154EH         LINE#         13
  C:1550H         LINE#         14
  C:1552H         LINE#         15
  C:1555H         LINE#         16
  C:1555H         LINE#         17
  C:1555H         LINE#         18
  C:1558H         LINE#         20
  C:155AH         LINE#         21
  C:1568H         LINE#         22
  C:156AH         LINE#         23
  C:156CH         LINE#         24
BL51 BANKED LINKER/LOCATER V6.22                                                      05/06/2015  09:33:42  PAGE 16


  C:156EH         LINE#         25
  C:1571H         LINE#         26
  C:1571H         LINE#         27
  C:1571H         LINE#         28
  C:1574H         LINE#         30
  C:1576H         LINE#         31
  C:1584H         LINE#         32
  C:1586H         LINE#         33
  C:1588H         LINE#         34
  C:158AH         LINE#         35
  C:158DH         LINE#         36
  C:158FH         LINE#         37
  C:1591H         LINE#         38
  -------         ENDPROC       _DISPLAY
  -------         PROC          AD_MAIN
  -------         DO            
  D:0001H         SYMBOL        a
  D:0031H         SYMBOL        b
  D:0032H         SYMBOL        A1
  D:0033H         SYMBOL        A2
  D:0006H         SYMBOL        A2t
  D:0034H         SYMBOL        A3
  D:0007H         SYMBOL        adval
  -------         ENDDO         
  C:1270H         LINE#         40
  C:1270H         LINE#         41
  C:1270H         LINE#         43
  C:1273H         LINE#         44
  C:1276H         LINE#         45
  C:127CH         LINE#         46
  C:127CH         LINE#         47
  C:127EH         LINE#         48
  C:1280H         LINE#         49
  C:1282H         LINE#         50
  C:1283H         LINE#         51
  C:1285H         LINE#         52
  C:1288H         LINE#         54
  C:128AH         LINE#         55
  C:128CH         LINE#         56
  C:128CH         LINE#         57
  C:129BH         LINE#         58
  C:129DH         LINE#         59
  C:129FH         LINE#         60
  C:12A2H         LINE#         61
  C:12A5H         LINE#         62
  C:12A7H         LINE#         63
  C:12A9H         LINE#         64
  C:12ABH         LINE#         65
  C:12AEH         LINE#         66
  C:12B0H         LINE#         67
  C:12B2H         LINE#         68
  C:12B9H         LINE#         69
  C:12C0H         LINE#         70
  C:12C7H         LINE#         71
  C:12CFH         LINE#         72
  C:12D1H         LINE#         73
  -------         ENDPROC       AD_MAIN
BL51 BANKED LINKER/LOCATER V6.22                                                      05/06/2015  09:33:42  PAGE 17


  -------         ENDMOD        AD

  -------         MODULE        KEY
  C:0000H         SYMBOL        _ICE_DUMMY_
  D:0080H         PUBLIC        P0
  D:0090H         PUBLIC        P1
  D:00A0H         PUBLIC        P2
  D:00B0H         PUBLIC        P3
  D:00E8H         PUBLIC        P4
  D:00A8H         PUBLIC        IE
  D:00B8H         PUBLIC        IP
  B:00A0H.3       PUBLIC        beep
  C:1C03H         PUBLIC        _display_key
  B:00A0H.6       PUBLIC        dula
  B:00A0H.7       PUBLIC        wela
  C:1C8EH         PUBLIC        seg_table
  D:0098H         PUBLIC        SCON
  D:0088H         PUBLIC        TCON
  C:1D10H         PUBLIC        _delay_key
  C:08B0H         PUBLIC        key_main
  D:00C8H         PUBLIC        T2CON
  D:00D0H         PUBLIC        PSW
  C:1BFFH         SYMBOL        L?0049
  -------         PROC          L?0048
  -------         ENDPROC       L?0048
  C:1BFFH         SYMBOL        L?0049
  -------         PROC          _DISPLAY_KEY
  D:0007H         SYMBOL        num
  C:1C03H         LINE#         8
  C:1C03H         LINE#         9
  C:1C03H         LINE#         10
  C:1C0AH         LINE#         11
  C:1C0CH         LINE#         12
  C:1C0EH         LINE#         13
  C:1C10H         LINE#         14
  C:1C13H         LINE#         15
  C:1C15H         LINE#         16
  -------         ENDPROC       _DISPLAY_KEY
  -------         PROC          _DELAY_KEY
  D:0007H         SYMBOL        i
  -------         DO            
  D:0007H         SYMBOL        j
  D:0006H         SYMBOL        k
  -------         ENDDO         
  C:1D10H         LINE#         17
  C:1D10H         LINE#         18
  C:1D10H         LINE#         20
  C:1D16H         LINE#         21
  C:1D1DH         LINE#         22
  -------         ENDPROC       _DELAY_KEY
  -------         PROC          KEY_MAIN
  -------         DO            
  D:0031H         SYMBOL        temp
  D:0032H         SYMBOL        key
  -------         ENDDO         
  C:08B0H         LINE#         24
  C:08B0H         LINE#         25
BL51 BANKED LINKER/LOCATER V6.22                                                      05/06/2015  09:33:42  PAGE 18


  C:08B0H         LINE#         27
  C:08B3H         LINE#         28
  C:08BCH         LINE#         29
  C:08BCH         LINE#         30
  C:08BFH         LINE#         31
  C:08C2H         LINE#         32
  C:08C5H         LINE#         33
  C:08CBH         LINE#         34
  C:08CBH         LINE#         35
  C:08D0H         LINE#         36
  C:08D6H         LINE#         37
  C:08D6H         LINE#         38
  C:08D9H         LINE#         39
  C:08EBH         LINE#         40
  C:08EBH         LINE#         41
  C:08F0H         LINE#         42
  C:08F5H         LINE#         43
  C:08FAH         LINE#         44
  C:08FDH         LINE#         45
  C:08FDH         LINE#         46
  C:0903H         LINE#         47
  C:0903H         LINE#         48
  C:0906H         LINE#         49
  C:0909H         LINE#         50
  C:090BH         LINE#         51
  C:090DH         LINE#         52
  C:090DH         LINE#         53
  C:0910H         LINE#         55
  C:0910H         LINE#         56
  C:0910H         LINE#         57
  C:0913H         LINE#         58
  C:0916H         LINE#         59
  C:0919H         LINE#         60
  C:091FH         LINE#         61
  C:091FH         LINE#         62
  C:0924H         LINE#         63
  C:092AH         LINE#         64
  C:092AH         LINE#         65
  C:092DH         LINE#         66
  C:093FH         LINE#         67
  C:093FH         LINE#         68
  C:0944H         LINE#         69
  C:0949H         LINE#         70
  C:094EH         LINE#         71
  C:0951H         LINE#         72
  C:0951H         LINE#         73
  C:0957H         LINE#         74
  C:0957H         LINE#         75
  C:095AH         LINE#         76
  C:095DH         LINE#         77
  C:095FH         LINE#         78
  C:0961H         LINE#         79
  C:0961H         LINE#         80
  C:0964H         LINE#         82
  C:0964H         LINE#         83
  C:0964H         LINE#         84
  C:0967H         LINE#         85
BL51 BANKED LINKER/LOCATER V6.22                                                      05/06/2015  09:33:42  PAGE 19


  C:096AH         LINE#         86
  C:096DH         LINE#         87
  C:0973H         LINE#         88
  C:0973H         LINE#         89
  C:0978H         LINE#         90
  C:097EH         LINE#         91
  C:097EH         LINE#         92
  C:0981H         LINE#         93
  C:0993H         LINE#         94
  C:0993H         LINE#         95
  C:0998H         LINE#         96
  C:099DH         LINE#         97
  C:09A2H         LINE#         98
  C:09A5H         LINE#         99
  C:09A5H         LINE#         100
  C:09ABH         LINE#         101
  C:09ABH         LINE#         102
  C:09AEH         LINE#         103
  C:09B1H         LINE#         104
  C:09B3H         LINE#         105
  C:09B5H         LINE#         106
  C:09B5H         LINE#         107
  C:09B8H         LINE#         109
  C:09B8H         LINE#         110
  C:09B8H         LINE#         111
  C:09BBH         LINE#         112
  C:09BEH         LINE#         113
  C:09C1H         LINE#         114
  C:09CAH         LINE#         115
  C:09CAH         LINE#         116
  C:09CFH         LINE#         117
  C:09D8H         LINE#         118
  C:09D8H         LINE#         119
  C:09DBH         LINE#         120
  C:09EDH         LINE#         121
  C:09EDH         LINE#         122
  C:09F2H         LINE#         123
  C:09F7H         LINE#         124
  C:09FCH         LINE#         125
  C:09FFH         LINE#         126
  C:09FFH         LINE#         127
  C:0A05H         LINE#         128
  C:0A05H         LINE#         129
  C:0A08H         LINE#         130
  C:0A0BH         LINE#         131
  C:0A0DH         LINE#         132
  C:0A0FH         LINE#         133
  C:0A0FH         LINE#         134
  C:0A12H         LINE#         136
  C:0A12H         LINE#         137
  C:0A12H         LINE#         138
  C:0A15H         LINE#         139
  -------         ENDPROC       KEY_MAIN
  -------         ENDMOD        KEY

  -------         MODULE        DS18B20
  C:0000H         SYMBOL        _ICE_DUMMY_
BL51 BANKED LINKER/LOCATER V6.22                                                      05/06/2015  09:33:42  PAGE 20


  C:1A93H         PUBLIC        dsreset
  D:0080H         PUBLIC        P0
  D:0090H         PUBLIC        P1
  D:00A0H         PUBLIC        P2
  D:00B0H         PUBLIC        P3
  D:00E8H         PUBLIC        P4
  C:0FB7H         PUBLIC        _display_18b20
  D:00A8H         PUBLIC        IE
  C:1C3FH         PUBLIC        ds18b20_main
  B:00A0H.2       PUBLIC        DS
  D:00B8H         PUBLIC        IP
  B:00A0H.6       PUBLIC        dula
  B:00A0H.7       PUBLIC        wela
  C:18BBH         PUBLIC        tmpreadbit
  D:0098H         PUBLIC        SCON
  D:0088H         PUBLIC        TCON
  D:0035H         PUBLIC        temp
  C:14FBH         PUBLIC        _tmpwritebyte
  C:1D5BH         PUBLIC        tmpchange
  D:0037H         PUBLIC        flag1
  C:1331H         PUBLIC        tmp
  D:00C8H         PUBLIC        T2CON
  C:1B29H         PUBLIC        tmpread
  C:19B9H         PUBLIC        _delay_ds18b20
  D:00D0H         PUBLIC        PSW
  -------         PROC          L?0049
  -------         ENDPROC       L?0049
  -------         PROC          _DELAY_DS18B20
  D:0006H         SYMBOL        count
  -------         DO            
  D:0004H         SYMBOL        i
  -------         ENDDO         
  C:19B9H         LINE#         6
  C:19B9H         LINE#         7
  C:19B9H         LINE#         9
  C:19BDH         LINE#         10
  C:19BDH         LINE#         11
  C:19C1H         LINE#         12
  C:19C1H         LINE#         13
  C:19CAH         LINE#         14
  C:19CFH         LINE#         15
  C:19D1H         LINE#         16
  -------         ENDPROC       _DELAY_DS18B20
  -------         PROC          DSRESET
  -------         DO            
  D:0006H         SYMBOL        i
  -------         ENDDO         
  C:1A93H         LINE#         18
  C:1A93H         LINE#         19
  C:1A93H         LINE#         21
  C:1A95H         LINE#         22
  C:1A99H         LINE#         23
  C:1AA2H         LINE#         24
  C:1AA4H         LINE#         25
  C:1AA8H         LINE#         26
  C:1AB1H         LINE#         27
  -------         ENDPROC       DSRESET
BL51 BANKED LINKER/LOCATER V6.22                                                      05/06/2015  09:33:42  PAGE 21


  -------         PROC          TMPREADBIT
  -------         DO            
  D:0006H         SYMBOL        i
  B:0020H.3       SYMBOL        dat
  -------         ENDDO         
  C:18BBH         LINE#         29
  C:18BBH         LINE#         30
  C:18BBH         LINE#         33
  C:18C1H         LINE#         34
  C:18CBH         LINE#         35
  C:18CFH         LINE#         36
  C:18DCH         LINE#         37
  C:18DEH         LINE#         38
  -------         ENDPROC       TMPREADBIT
  -------         PROC          TMPREAD
  -------         DO            
  D:0004H         SYMBOL        i
  D:0007H         SYMBOL        j
  D:0005H         SYMBOL        dat
  -------         ENDDO         
  C:1B29H         LINE#         40
  C:1B29H         LINE#         41
  C:1B29H         LINE#         43
  C:1B2BH         LINE#         44
  C:1B2DH         LINE#         45
  C:1B2DH         LINE#         46
  C:1B33H         LINE#         47
  C:1B3FH         LINE#         48
  C:1B43H         LINE#         49
  C:1B45H         LINE#         50
  -------         ENDPROC       TMPREAD
  -------         PROC          L?0048
  -------         ENDPROC       L?0048
  -------         PROC          _TMPWRITEBYTE
  D:0007H         SYMBOL        dat
  -------         DO            
  D:0002H         SYMBOL        i
  D:0006H         SYMBOL        j
  B:0020H.3       SYMBOL        testb
  -------         ENDDO         
  C:14FBH         LINE#         52
  C:14FBH         LINE#         53
  C:14FBH         LINE#         57
  C:14FDH         LINE#         58
  C:14FDH         LINE#         59
  C:1501H         LINE#         60
  C:1505H         LINE#         61
  C:1508H         LINE#         62
  C:1508H         LINE#         63
  C:150AH         LINE#         64
  C:1512H         LINE#         65
  C:1514H         LINE#         66
  C:1523H         LINE#         67
  C:1523H         LINE#         69
  C:1523H         LINE#         70
  C:1525H         LINE#         71
  C:1532H         LINE#         72
BL51 BANKED LINKER/LOCATER V6.22                                                      05/06/2015  09:33:42  PAGE 22


  C:1534H         LINE#         73
  C:153EH         LINE#         74
  C:153EH         LINE#         75
  C:1542H         LINE#         76
  -------         ENDPROC       _TMPWRITEBYTE
  -------         PROC          TMPCHANGE
  C:1D5BH         LINE#         78
  C:1D5BH         LINE#         79
  C:1D5BH         LINE#         80
  C:1D5BH         LINE#         81
  C:1D5BH         LINE#         82
  C:1D5EH         LINE#         83
  -------         ENDPROC       TMPCHANGE
  -------         PROC          TMP
  -------         DO            
  D:0031H         SYMBOL        tt
  D:0003H         SYMBOL        a
  D:0007H         SYMBOL        b
  -------         ENDDO         
  C:1331H         LINE#         86
  C:1331H         LINE#         87
  C:1331H         LINE#         90
  C:1331H         LINE#         91
  C:1331H         LINE#         92
  C:1334H         LINE#         93
  C:1339H         LINE#         94
  C:133EH         LINE#         95
  C:1341H         LINE#         96
  C:1346H         LINE#         97
  C:134DH         LINE#         98
  C:1353H         LINE#         99
  C:136CH         LINE#         100
  C:138EH         LINE#         101
  C:138EH         LINE#         102
  -------         ENDPROC       TMP
  -------         PROC          _DISPLAY_18B20
  D:0002H         SYMBOL        temp
  -------         DO            
  D:0031H         SYMBOL        A1
  D:0003H         SYMBOL        A2
  D:0007H         SYMBOL        A2t
  D:0002H         SYMBOL        A3
  D:0032H         SYMBOL        ser
  -------         ENDDO         
  C:0FB7H         LINE#         104
  C:0FBBH         LINE#         105
  C:0FBBH         LINE#         107
  C:0FC4H         LINE#         109
  C:0FD1H         LINE#         110
  C:0FDEH         LINE#         111
  C:0FE4H         LINE#         112
  C:0FEBH         LINE#         114
  C:0FEEH         LINE#         115
  C:0FF0H         LINE#         116
  C:0FF8H         LINE#         117
  C:0FFAH         LINE#         118
  C:0FFCH         LINE#         119
BL51 BANKED LINKER/LOCATER V6.22                                                      05/06/2015  09:33:42  PAGE 23


  C:0FFFH         LINE#         120
  C:1001H         LINE#         121
  C:1004H         LINE#         122
  C:1004H         LINE#         123
  C:1004H         LINE#         124
  C:1007H         LINE#         126
  C:100AH         LINE#         127
  C:100CH         LINE#         128
  C:1014H         LINE#         129
  C:1016H         LINE#         130
  C:1018H         LINE#         131
  C:101BH         LINE#         132
  C:101DH         LINE#         133
  C:1020H         LINE#         134
  C:1020H         LINE#         135
  C:1020H         LINE#         136
  C:1023H         LINE#         138
  C:1026H         LINE#         139
  C:1028H         LINE#         140
  C:102EH         LINE#         141
  C:1030H         LINE#         142
  C:1032H         LINE#         143
  C:1035H         LINE#         144
  C:1037H         LINE#         145
  C:103AH         LINE#         146
  C:103CH         LINE#         147
  C:103EH         LINE#         148
  -------         ENDPROC       _DISPLAY_18B20
  -------         PROC          DS18B20_MAIN
  C:1C3FH         LINE#         151
  C:1C3FH         LINE#         152
  C:1C3FH         LINE#         153
  C:1C42H         LINE#         154
  C:1C47H         LINE#         155
  C:1C47H         LINE#         159
  C:1C4AH         LINE#         162
  C:1C50H         LINE#         165
  C:1C52H         LINE#         166
  -------         ENDPROC       DS18B20_MAIN
  -------         ENDMOD        DS18B20

  -------         MODULE        1602
  C:0000H         SYMBOL        _ICE_DUMMY_
  D:0080H         PUBLIC        P0
  D:0090H         PUBLIC        P1
  D:00A0H         PUBLIC        P2
  D:00B0H         PUBLIC        P3
  D:00E8H         PUBLIC        P4
  B:00B0H.4       PUBLIC        lcden
  D:00A8H         PUBLIC        IE
  D:00B8H         PUBLIC        IP
  D:0098H         PUBLIC        SCON
  D:0088H         PUBLIC        TCON
  C:1B7FH         PUBLIC        init
  C:17D2H         PUBLIC        _delay_1602
  C:12D2H         PUBLIC        tx1602_main
  C:1BE6H         PUBLIC        _lcd_write_date
BL51 BANKED LINKER/LOCATER V6.22                                                      05/06/2015  09:33:42  PAGE 24


  C:1BCDH         PUBLIC        _lcd_write_com
  B:00B0H.5       PUBLIC        rs
  C:1B63H         PUBLIC        table1_1602
  C:1B71H         PUBLIC        table2_1602
  D:00C8H         PUBLIC        T2CON
  C:1927H         PUBLIC        _delay1_1602
  D:00D0H         PUBLIC        PSW
  C:17CBH         SYMBOL        L?0037
  C:17CEH         SYMBOL        L?0038
  -------         PROC          L?0036
  -------         ENDPROC       L?0036
  C:17CBH         SYMBOL        L?0037
  C:17CEH         SYMBOL        L?0038
  -------         PROC          _DELAY_1602
  D:0006H         SYMBOL        x
  -------         DO            
  D:0006H         SYMBOL        a
  D:0004H         SYMBOL        b
  -------         ENDDO         
  C:17D2H         LINE#         4
  C:17D2H         LINE#         5
  C:17D2H         LINE#         7
  C:17D7H         LINE#         8
  C:17E0H         LINE#         9
  C:17F4H         LINE#         10
  -------         ENDPROC       _DELAY_1602
  -------         PROC          _DELAY1_1602
  D:0006H         SYMBOL        x
  -------         DO            
  D:0006H         SYMBOL        a
  D:0004H         SYMBOL        b
  -------         ENDDO         
  C:1927H         LINE#         12
  C:1927H         LINE#         13
  C:1927H         LINE#         15
  C:192CH         LINE#         16
  C:1935H         LINE#         17
  C:1949H         LINE#         18
  -------         ENDPROC       _DELAY1_1602
  -------         PROC          _LCD_WRITE_COM
  D:0007H         SYMBOL        com
  C:1BCDH         LINE#         20
  C:1BCDH         LINE#         21
  C:1BCDH         LINE#         22
  C:1BCFH         LINE#         23
  C:1BD1H         LINE#         24
  C:1BD3H         LINE#         25
  C:1BDAH         LINE#         26
  C:1BDCH         LINE#         27
  C:1BE3H         LINE#         28
  C:1BE5H         LINE#         30
  -------         ENDPROC       _LCD_WRITE_COM
  -------         PROC          _LCD_WRITE_DATE
  D:0007H         SYMBOL        date
  C:1BE6H         LINE#         32
  C:1BE6H         LINE#         33
  C:1BE6H         LINE#         34
BL51 BANKED LINKER/LOCATER V6.22                                                      05/06/2015  09:33:42  PAGE 25


  C:1BE8H         LINE#         35
  C:1BEAH         LINE#         36
  C:1BECH         LINE#         37
  C:1BF3H         LINE#         38
  C:1BF5H         LINE#         39
  C:1BFCH         LINE#         40
  C:1BFEH         LINE#         42
  -------         ENDPROC       _LCD_WRITE_DATE
  -------         PROC          INIT
  C:1B7FH         LINE#         44
  C:1B7FH         LINE#         45
  C:1B7FH         LINE#         46
  C:1B81H         LINE#         47
  C:1B84H         LINE#         48
  C:1B86H         LINE#         49
  C:1B89H         LINE#         50
  C:1B8BH         LINE#         51
  C:1B8EH         LINE#         52
  C:1B93H         LINE#         53
  -------         ENDPROC       INIT
  -------         PROC          TX1602_MAIN
  -------         DO            
  D:0003H         SYMBOL        a
  -------         ENDDO         
  C:12D2H         LINE#         56
  C:12D2H         LINE#         57
  C:12D2H         LINE#         59
  C:12D5H         LINE#         60
  C:12D8H         LINE#         61
  C:12DAH         LINE#         62
  C:12DDH         LINE#         63
  C:12DFH         LINE#         64
  C:12DFH         LINE#         66
  C:12E8H         LINE#         67
  C:12EBH         LINE#         68
  C:12EFH         LINE#         69
  C:12F4H         LINE#         70
  C:12FBH         LINE#         71
  C:12FDH         LINE#         72
  C:12FDH         LINE#         74
  C:1306H         LINE#         75
  C:130DH         LINE#         76
  C:1311H         LINE#         77
  C:1313H         LINE#         78
  C:1313H         LINE#         80
  C:1318H         LINE#         81
  C:131FH         LINE#         82
  C:1323H         LINE#         83
  C:132AH         LINE#         84
  C:1330H         LINE#         85
  -------         ENDPROC       TX1602_MAIN
  -------         ENDMOD        1602

  -------         MODULE        12864
  C:0000H         SYMBOL        _ICE_DUMMY_
  D:0080H         PUBLIC        P0
  D:0090H         PUBLIC        P1
BL51 BANKED LINKER/LOCATER V6.22                                                      05/06/2015  09:33:42  PAGE 26


  D:00A0H         PUBLIC        P2
  D:00B0H         PUBLIC        P3
  D:00E8H         PUBLIC        P4
  D:00A8H         PUBLIC        IE
  D:00B8H         PUBLIC        IP
  B:00B0H.7       PUBLIC        LCD_PSB
  D:0098H         PUBLIC        SCON
  D:0088H         PUBLIC        TCON
  C:196DH         PUBLIC        _lcd_wcmd
  C:19F3H         PUBLIC        _lcd_wdat
  B:00B0H.4       PUBLIC        LCD_EN
  C:1870H         PUBLIC        lcd_init
  B:00B0H.5       PUBLIC        LCD_RS
  C:1C53H         PUBLIC        lcd_busy
  B:00B0H.6       PUBLIC        LCD_RW
  D:00C8H         PUBLIC        T2CON
  C:1A13H         PUBLIC        _lcd_pos
  C:166BH         PUBLIC        dis1
  C:1674H         PUBLIC        dis2
  C:1686H         PUBLIC        dis3
  C:1697H         PUBLIC        dis4
  C:19D6H         PUBLIC        _delay_12864
  D:00D0H         PUBLIC        PSW
  C:10D1H         PUBLIC        tx12864_main
  C:19D2H         SYMBOL        L?0038
  -------         PROC          L?0037
  -------         ENDPROC       L?0037
  C:19D2H         SYMBOL        L?0038
  -------         PROC          _DELAY_12864
  D:0006H         SYMBOL        ms
  -------         DO            
  D:0031H         SYMBOL        i
  -------         ENDDO         
  C:19D6H         LINE#         21
  C:19D6H         LINE#         22
  C:19D6H         LINE#         23
  C:19E0H         LINE#         24
  C:19E0H         LINE#         26
  C:19EAH         LINE#         27
  C:19EAH         LINE#         28
  C:19EBH         LINE#         29
  C:19ECH         LINE#         30
  C:19EDH         LINE#         31
  C:19EEH         LINE#         32
  C:19F2H         LINE#         33
  C:19F2H         LINE#         34
  -------         ENDPROC       _DELAY_12864
  -------         PROC          LCD_BUSY
  -------         DO            
  B:0020H.3       SYMBOL        result
  -------         ENDDO         
  C:1C53H         LINE#         41
  C:1C53H         LINE#         42
  C:1C53H         LINE#         44
  C:1C55H         LINE#         45
  C:1C57H         LINE#         46
  C:1C59H         LINE#         47
BL51 BANKED LINKER/LOCATER V6.22                                                      05/06/2015  09:33:42  PAGE 27


  C:1C5DH         LINE#         48
  C:1C62H         LINE#         49
  C:1C64H         LINE#         50
  C:1C66H         LINE#         51
  -------         ENDPROC       LCD_BUSY
  -------         PROC          _LCD_WCMD
  D:0007H         SYMBOL        cmd
  C:196DH         LINE#         58
  C:196DH         LINE#         59
  C:196DH         LINE#         60
  C:1978H         LINE#         62
  C:197AH         LINE#         63
  C:197CH         LINE#         64
  C:197EH         LINE#         65
  C:197FH         LINE#         66
  C:1980H         LINE#         67
  C:1982H         LINE#         68
  C:1986H         LINE#         69
  C:1988H         LINE#         70
  C:198CH         LINE#         71
  C:198EH         LINE#         72
  -------         ENDPROC       _LCD_WCMD
  -------         PROC          _LCD_WDAT
  D:0007H         SYMBOL        dat
  C:19F3H         LINE#         79
  C:19F3H         LINE#         80
  C:19F3H         LINE#         81
  C:19FEH         LINE#         82
  C:1A00H         LINE#         83
  C:1A02H         LINE#         84
  C:1A04H         LINE#         85
  C:1A06H         LINE#         86
  C:1A0AH         LINE#         87
  C:1A0CH         LINE#         88
  C:1A10H         LINE#         89
  C:1A12H         LINE#         90
  -------         ENDPROC       _LCD_WDAT
  -------         PROC          LCD_INIT
  C:1870H         LINE#         96
  C:1870H         LINE#         97
  C:1870H         LINE#         99
  C:1872H         LINE#         101
  C:1877H         LINE#         102
  C:187AH         LINE#         103
  C:187FH         LINE#         104
  C:1882H         LINE#         105
  C:1887H         LINE#         106
  C:188AH         LINE#         107
  C:188FH         LINE#         108
  -------         ENDPROC       LCD_INIT
  -------         PROC          TX12864_MAIN
  -------         DO            
  D:0006H         SYMBOL        i
  -------         ENDDO         
  C:10D1H         LINE#         115
  C:10D1H         LINE#         116
  C:10D1H         LINE#         118
BL51 BANKED LINKER/LOCATER V6.22                                                      05/06/2015  09:33:42  PAGE 28


  C:10D4H         LINE#         119
  C:10DBH         LINE#         120
  C:10DEH         LINE#         121
  C:10E4H         LINE#         122
  C:10E6H         LINE#         123
  C:10EEH         LINE#         124
  C:10EEH         LINE#         125
  C:10F1H         LINE#         126
  C:10F2H         LINE#         127
  C:10F4H         LINE#         128
  C:10FBH         LINE#         129
  C:10FDH         LINE#         130
  C:1105H         LINE#         131
  C:1105H         LINE#         132
  C:1108H         LINE#         133
  C:1109H         LINE#         134
  C:110BH         LINE#         135
  C:1112H         LINE#         136
  C:1114H         LINE#         137
  C:111CH         LINE#         138
  C:111CH         LINE#         139
  C:111FH         LINE#         140
  C:1120H         LINE#         141
  C:1122H         LINE#         142
  C:1129H         LINE#         143
  C:112BH         LINE#         144
  C:1133H         LINE#         145
  C:1133H         LINE#         146
  C:1136H         LINE#         147
  C:1137H         LINE#         148
  C:1139H         LINE#         149
  C:113FH         LINE#         150
  -------         ENDPROC       TX12864_MAIN
  -------         PROC          _LCD_POS
  D:0007H         SYMBOL        X
  D:0005H         SYMBOL        Y
  -------         DO            
  D:0007H         SYMBOL        pos
  -------         ENDDO         
  C:1A13H         LINE#         157
  C:1A13H         LINE#         158
  C:1A13H         LINE#         160
  C:1A16H         LINE#         161
  C:1A1AH         LINE#         162
  C:1A1DH         LINE#         163
  C:1A21H         LINE#         164
  C:1A24H         LINE#         165
  C:1A28H         LINE#         166
  C:1A2BH         LINE#         167
  C:1A2DH         LINE#         168
  C:1A30H         LINE#         169
  -------         ENDPROC       _LCD_POS
  -------         ENDMOD        12864

  -------         MODULE        24C02
  C:0000H         SYMBOL        _ICE_DUMMY_
  D:0080H         PUBLIC        P0
BL51 BANKED LINKER/LOCATER V6.22                                                      05/06/2015  09:33:42  PAGE 29


  D:0090H         PUBLIC        P1
  D:00A0H         PUBLIC        P2
  D:00B0H         PUBLIC        P3
  D:00E8H         PUBLIC        P4
  B:00A8H.7       PUBLIC        EA
  C:1596H         PUBLIC        at24c02_main
  D:00A8H         PUBLIC        IE
  C:1955H         PUBLIC        clock
  C:1D77H         PUBLIC        flash
  C:1849H         PUBLIC        readx
  D:00B8H         PUBLIC        IP
  B:00D0H.7       PUBLIC        CY
  C:1714H         PUBLIC        _display_24c
  C:1AD0H         PUBLIC        _writex
  B:00A0H.6       PUBLIC        dula
  C:1896H         PUBLIC        _x24c08_read
  B:00A0H.7       PUBLIC        wela
  B:0020H.2       PUBLIC        write
  D:0098H         PUBLIC        SCON
  D:0088H         PUBLIC        TCON
  B:00A0H.0       PUBLIC        sda
  C:1AEEH         PUBLIC        _x24c08_write
  D:0038H         PUBLIC        tcnt
  C:1D1EH         PUBLIC        _delay_24c
  D:003AH         PUBLIC        sec
  C:0016H         PUBLIC        x24c08_init
  B:00A0H.1       PUBLIC        scl
  C:1D48H         PUBLIC        stop
  C:1CF3H         PUBLIC        start_24c
  D:00C8H         PUBLIC        T2CON
  C:1C16H         PUBLIC        _delay3_24c
  D:00D0H         PUBLIC        PSW
  -------         PROC          _DELAY_24C
  D:0007H         SYMBOL        i
  -------         DO            
  D:0007H         SYMBOL        j
  D:0006H         SYMBOL        k
  -------         ENDDO         
  C:1D1EH         LINE#         6
  C:1D1EH         LINE#         7
  C:1D1EH         LINE#         9
  C:1D24H         LINE#         10
  C:1D2BH         LINE#         11
  -------         ENDPROC       _DELAY_24C
  -------         PROC          _DISPLAY_24C
  D:0007H         SYMBOL        bai_c
  D:0005H         SYMBOL        sh_c
  C:1714H         LINE#         12
  C:1714H         LINE#         13
  C:1714H         LINE#         14
  C:1716H         LINE#         15
  C:171DH         LINE#         16
  C:171FH         LINE#         17
  C:1721H         LINE#         18
  C:1723H         LINE#         19
  C:1726H         LINE#         20
  C:1728H         LINE#         21
BL51 BANKED LINKER/LOCATER V6.22                                                      05/06/2015  09:33:42  PAGE 30


  C:172AH         LINE#         22
  C:172FH         LINE#         24
  C:1731H         LINE#         25
  C:1735H         LINE#         26
  C:1737H         LINE#         27
  C:1739H         LINE#         28
  C:173BH         LINE#         29
  C:173EH         LINE#         30
  C:1740H         LINE#         31
  C:1742H         LINE#         32
  -------         ENDPROC       _DISPLAY_24C
  -------         PROC          _DELAY3_24C
  D:0007H         SYMBOL        x
  -------         DO            
  D:0004H         SYMBOL        i
  -------         ENDDO         
  C:1C16H         LINE#         37
  C:1C16H         LINE#         38
  C:1C16H         LINE#         40
  C:1C2AH         LINE#         41
  -------         ENDPROC       _DELAY3_24C
  C:1D72H         SYMBOL        L?0042
  -------         PROC          L?0041
  -------         ENDPROC       L?0041
  C:1D72H         SYMBOL        L?0042
  -------         PROC          FLASH
  C:1D77H         LINE#         42
  C:1D77H         LINE#         43
  C:1D77H         LINE#         46
  -------         ENDPROC       FLASH
  -------         PROC          X24C08_INIT
  C:0016H         LINE#         48
  C:0016H         LINE#         49
  C:0016H         LINE#         50
  C:0018H         LINE#         51
  C:001BH         LINE#         52
  C:001DH         LINE#         53
  -------         ENDPROC       X24C08_INIT
  -------         PROC          START_24C
  C:1CF3H         LINE#         55
  C:1CF3H         LINE#         56
  C:1CF3H         LINE#         57
  C:1CF5H         LINE#         58
  C:1CF5H         LINE#         59
  C:1CF5H         LINE#         60
  C:1CF8H         LINE#         61
  C:1CFAH         LINE#         62
  C:1CFDH         LINE#         63
  C:1CFFH         LINE#         64
  -------         ENDPROC       START_24C
  -------         PROC          STOP
  C:1D48H         LINE#         67
  C:1D48H         LINE#         68
  C:1D48H         LINE#         69
  C:1D4AH         LINE#         70
  C:1D4AH         LINE#         71
  C:1D4AH         LINE#         72
BL51 BANKED LINKER/LOCATER V6.22                                                      05/06/2015  09:33:42  PAGE 31


  C:1D4DH         LINE#         73
  C:1D4FH         LINE#         74
  -------         ENDPROC       STOP
  -------         PROC          _WRITEX
  D:0007H         SYMBOL        j
  -------         DO            
  D:0006H         SYMBOL        i
  D:0007H         SYMBOL        temp
  -------         ENDDO         
  C:1AD0H         LINE#         77
  C:1AD0H         LINE#         78
  C:1AD0H         LINE#         80
  C:1AD0H         LINE#         81
  C:1AD2H         LINE#         82
  C:1AD2H         LINE#         83
  C:1AD6H         LINE#         84
  C:1AD8H         LINE#         85
  C:1ADBH         LINE#         86
  C:1ADDH         LINE#         87
  C:1ADDH         LINE#         88
  C:1ADDH         LINE#         89
  C:1AE0H         LINE#         90
  C:1AE4H         LINE#         91
  C:1AE6H         LINE#         92
  C:1AE9H         LINE#         93
  C:1AEBH         LINE#         94
  -------         ENDPROC       _WRITEX
  -------         PROC          READX
  -------         DO            
  D:0005H         SYMBOL        i
  D:0007H         SYMBOL        j
  D:0006H         SYMBOL        k
  -------         ENDDO         
  C:1849H         LINE#         97
  C:1849H         LINE#         98
  C:1849H         LINE#         99
  C:184BH         LINE#         100
  C:1852H         LINE#         101
  C:1853H         LINE#         102
  C:1853H         LINE#         103
  C:1856H         LINE#         104
  C:185DH         LINE#         105
  C:185FH         LINE#         106
  C:1864H         LINE#         107
  C:1866H         LINE#         108
  C:186AH         LINE#         109
  C:186DH         LINE#         110
  C:186FH         LINE#         111
  -------         ENDPROC       READX
  -------         PROC          L?0040
  -------         ENDPROC       L?0040
  -------         PROC          CLOCK
  -------         DO            
  D:0007H         SYMBOL        i
  -------         ENDDO         
  C:1955H         LINE#         112
  C:1955H         LINE#         113
BL51 BANKED LINKER/LOCATER V6.22                                                      05/06/2015  09:33:42  PAGE 32


  C:1955H         LINE#         114
  C:1957H         LINE#         115
  C:195CH         LINE#         116
  C:1968H         LINE#         117
  -------         ENDPROC       CLOCK
  -------         PROC          _X24C08_READ
  D:0005H         SYMBOL        address
  -------         DO            
  D:0006H         SYMBOL        i
  -------         ENDDO         
  C:1896H         LINE#         120
  C:1898H         LINE#         121
  C:1898H         LINE#         123
  C:189DH         LINE#         124
  C:189DH         LINE#         125
  C:18A3H         LINE#         126
  C:18ABH         LINE#         127
  C:18B3H         LINE#         128
  C:18B8H         LINE#         129
  C:18BAH         LINE#         130
  -------         ENDPROC       _X24C08_READ
  -------         PROC          _X24C08_WRITE
  D:0004H         SYMBOL        address
  D:0005H         SYMBOL        info
  C:1AEEH         LINE#         132
  C:1AF0H         LINE#         133
  C:1AF0H         LINE#         134
  C:1AF2H         LINE#         135
  C:1AFAH         LINE#         136
  C:1AFFH         LINE#         137
  C:1AFFH         LINE#         138
  C:1B05H         LINE#         139
  C:1B07H         LINE#         140
  -------         ENDPROC       _X24C08_WRITE
  -------         PROC          AT24C02_MAIN
  -------         DO            
  D:0004H         SYMBOL        i
  -------         ENDDO         
  C:1596H         LINE#         143
  C:1596H         LINE#         144
  C:1596H         LINE#         146
  C:1599H         LINE#         147
  C:159CH         LINE#         148
  C:15A3H         LINE#         149
  C:15A9H         LINE#         150
  C:15A9H         LINE#         151
  C:15B1H         LINE#         152
  C:15B3H         LINE#         153
  C:15B5H         LINE#         154
  C:15B7H         LINE#         155
  C:15BDH         LINE#         156
  C:15BDH         LINE#         157
  C:15CFH         LINE#         158
  C:15D1H         LINE#         159
  C:15D4H         LINE#         160
  C:15D4H         LINE#         161
  C:15D6H         LINE#         162
BL51 BANKED LINKER/LOCATER V6.22                                                      05/06/2015  09:33:42  PAGE 33


  C:15DDH         LINE#         163
  C:15DDH         LINE#         165
  C:15DFH         LINE#         166
  C:15E2H         LINE#         167
  C:15E4H         LINE#         168
  C:15E6H         LINE#         169
  -------         ENDPROC       AT24C02_MAIN
  -------         ENDMOD        24C02

  -------         MODULE        DOT
  C:0000H         SYMBOL        _ICE_DUMMY_
  D:0080H         PUBLIC        P0
  D:0090H         PUBLIC        P1
  D:00A0H         PUBLIC        P2
  D:00B0H         PUBLIC        P3
  D:00E8H         PUBLIC        P4
  B:0090H.2       PUBLIC        SH_CK
  D:00A8H         PUBLIC        IE
  B:0090H.0       PUBLIC        DATA_IN
  B:0090H.1       PUBLIC        ST_CK
  D:00B8H         PUBLIC        IP
  C:1C7BH         PUBLIC        _Ser_IN
  C:13EAH         PUBLIC        dot_table
  D:0098H         PUBLIC        SCON
  D:0088H         PUBLIC        TCON
  C:120DH         PUBLIC        dot_main
  D:00C8H         PUBLIC        T2CON
  C:13F2H         PUBLIC        Digit_Tab
  D:00D0H         PUBLIC        PSW
  C:000EH         PUBLIC        Par_OUT
  -------         PROC          _SER_IN
  D:0007H         SYMBOL        Data
  -------         DO            
  D:0006H         SYMBOL        i
  -------         ENDDO         
  C:1C7BH         LINE#         36
  C:1C7BH         LINE#         37
  C:1C7BH         LINE#         39
  C:1C7DH         LINE#         40
  C:1C7DH         LINE#         41
  C:1C7FH         LINE#         42
  C:1C83H         LINE#         43
  C:1C87H         LINE#         44
  C:1C89H         LINE#         45
  C:1C8DH         LINE#         46
  -------         ENDPROC       _SER_IN
  -------         PROC          PAR_OUT
  C:000EH         LINE#         54
  C:000EH         LINE#         55
  C:000EH         LINE#         56
  C:0010H         LINE#         57
  C:0012H         LINE#         58
  -------         ENDPROC       PAR_OUT
  -------         PROC          DOT_MAIN
  -------         DO            
  D:0031H         SYMBOL        cnta
  D:0032H         SYMBOL        cntb
BL51 BANKED LINKER/LOCATER V6.22                                                      05/06/2015  09:33:42  PAGE 34


  D:0005H         SYMBOL        j
  D:0004H         SYMBOL        k
  -------         ENDDO         
  C:120DH         LINE#         66
  C:120DH         LINE#         67
  C:120DH         LINE#         68
  C:1212H         LINE#         69
  C:1215H         LINE#         70
  C:121BH         LINE#         71
  C:121BH         LINE#         72
  C:1224H         LINE#         73
  C:1224H         LINE#         74
  C:1229H         LINE#         75
  C:122AH         LINE#         76
  C:122CH         LINE#         77
  C:122EH         LINE#         79
  C:122EH         LINE#         80
  C:1230H         LINE#         81
  C:1233H         LINE#         82
  C:1233H         LINE#         84
  C:123DH         LINE#         85
  C:125DH         LINE#         86
  C:1260H         LINE#         88
  C:1269H         LINE#         89
  C:1269H         LINE#         90
  C:126BH         LINE#         91
  C:126FH         LINE#         92
  C:126FH         LINE#         93
  -------         ENDPROC       DOT_MAIN
  -------         ENDMOD        DOT

  -------         MODULE        DS12C887
  C:0000H         SYMBOL        _ICE_DUMMY_
  D:0080H         PUBLIC        P0
  C:1B56H         PUBLIC        ds12887_table1
  D:0090H         PUBLIC        P1
  D:00A0H         PUBLIC        P2
  D:00B0H         PUBLIC        P3
  D:00E8H         PUBLIC        P4
  B:00A8H.7       PUBLIC        EA
  B:00B0H.4       PUBLIC        lcden
  D:0008H         PUBLIC        amiao
  D:00A8H         PUBLIC        IE
  B:0020H.0       PUBLIC        ds12887_flag1
  D:00B8H         PUBLIC        IP
  D:0009H         PUBLIC        afen
  B:0020H.1       PUBLIC        ds12887_flag_ri
  D:000AH         PUBLIC        ashi
  D:000BH         PUBLIC        miao
  D:000CH         PUBLIC        month
  B:0090H.5       PUBLIC        dsas
  D:000DH         PUBLIC        week
  B:0090H.4       PUBLIC        dscs
  B:0090H.7       PUBLIC        dsds
  D:000EH         PUBLIC        year
  D:0098H         PUBLIC        SCON
  D:0088H         PUBLIC        TCON
BL51 BANKED LINKER/LOCATER V6.22                                                      05/06/2015  09:33:42  PAGE 35


  D:000FH         PUBLIC        fen
  C:0DC2H         PUBLIC        _write_week
  D:0010H         PUBLIC        day
  B:0090H.6       PUBLIC        dsrw
  D:0011H         PUBLIC        shi
  B:00A8H.2       PUBLIC        EX1
  B:0088H.2       PUBLIC        IT1
  C:1B46H         PUBLIC        ds12887_table
  C:1140H         PUBLIC        ds12c887_main
  C:17F5H         PUBLIC        _write_sfm
  C:1993H         PUBLIC        _ds12887_delay
  C:1B9AH         PUBLIC        _read_ds
  D:0012H         PUBLIC        t0_num
  B:00B0H.7       PUBLIC        rd
  C:1CD3H         PUBLIC        set_time
  D:0013H         PUBLIC        ds12887_flag
  C:18ECH         PUBLIC        _write_ds
  D:00C8H         PUBLIC        T2CON
  C:181FH         PUBLIC        _write_nyr
  D:0014H         PUBLIC        ds12887_count
  D:0015H         PUBLIC        s1num
  C:0E7FH         PUBLIC        ds12887_init
  D:00D0H         PUBLIC        PSW
  C:198FH         SYMBOL        L?0044
  -------         PROC          L?0043
  -------         ENDPROC       L?0043
  C:198FH         SYMBOL        L?0044
  -------         PROC          _DS12887_DELAY
  D:0006H         SYMBOL        z
  -------         DO            
  D:0006H         SYMBOL        x
  D:0004H         SYMBOL        y
  -------         ENDDO         
  C:1993H         LINE#         20
  C:1993H         LINE#         21
  C:1993H         LINE#         23
  C:199CH         LINE#         24
  C:19B0H         LINE#         25
  -------         ENDPROC       _DS12887_DELAY
  -------         PROC          DS12887_INIT
  -------         DO            
  D:0031H         SYMBOL        num
  -------         ENDDO         
  C:0E7FH         LINE#         26
  C:0E7FH         LINE#         27
  C:0E7FH         LINE#         29
  C:0E81H         LINE#         30
  C:0E83H         LINE#         31
  C:0E85H         LINE#         32
  C:0E87H         LINE#         33
  C:0E8AH         LINE#         34
  C:0E8CH         LINE#         35
  C:0E8FH         LINE#         36
  C:0E91H         LINE#         37
  C:0E93H         LINE#         38
  C:0E9AH         LINE#         39
  C:0EA1H         LINE#         40
BL51 BANKED LINKER/LOCATER V6.22                                                      05/06/2015  09:33:42  PAGE 36


  C:0EA4H         LINE#         41
  C:0EA9H         LINE#         42
  C:0EB0H         LINE#         43
  C:0EB5H         LINE#         44
  C:0EBCH         LINE#         45
  C:0EC1H         LINE#         46
  C:0EC8H         LINE#         47
  C:0ECDH         LINE#         48
  C:0ED4H         LINE#         49
  C:0ED9H         LINE#         50
  C:0EE0H         LINE#         51
  C:0EE3H         LINE#         52
  C:0EE3H         LINE#         53
  C:0EEDH         LINE#         55
  C:0EF4H         LINE#         56
  C:0EFDH         LINE#         57
  C:0F02H         LINE#         58
  C:0F05H         LINE#         59
  C:0F05H         LINE#         60
  C:0F0FH         LINE#         62
  C:0F16H         LINE#         63
  C:0F1FH         LINE#         64
  -------         ENDPROC       DS12887_INIT
  -------         PROC          _WRITE_SFM
  D:0007H         SYMBOL        add
  D:0005H         SYMBOL        date
  -------         DO            
  D:0031H         SYMBOL        shi
  D:0032H         SYMBOL        ge
  -------         ENDDO         
  C:17F5H         LINE#         65
  C:17F5H         LINE#         66
[...]
  D:0090H         PUBLIC        P1
  D:00A0H         PUBLIC        P2
  C:1442H         PUBLIC        dc_Inf_Dispose
  D:00B0H         PUBLIC        P3
  D:00E8H         PUBLIC        P4
  B:00A0H.5       PUBLIC        diola
  D:003BH         PUBLIC        StartFlag
  D:00A8H         PUBLIC        IE
  D:003CH         PUBLIC        PulseWidth
  D:00B8H         PUBLIC        IP
  C:1A33H         PUBLIC        dc_display
  B:00A0H.6       PUBLIC        dula
  B:00A0H.7       PUBLIC        wela
  D:0098H         PUBLIC        SCON
  D:0089H         PUBLIC        TMOD
  D:0088H         PUBLIC        TCON
  C:1D3AH         PUBLIC        _dc_delay
  B:00A8H.1       PUBLIC        ET0
  D:008CH         PUBLIC        TH0
  B:00A8H.2       PUBLIC        EX1
  B:0088H.2       PUBLIC        IT1
  C:1903H         PUBLIC        dc_main
  D:008AH         PUBLIC        TL0
  D:003DH         PUBLIC        dc_count
  B:0088H.4       PUBLIC        TR0
  B:0090H.7       PUBLIC        dc_motor
  C:1CB1H         PUBLIC        dc_Time0_Init
  D:00C8H         PUBLIC        T2CON
  D:00D0H         PUBLIC        PSW
  -------         PROC          _DC_DELAY
  D:0007H         SYMBOL        i
  -------         DO            
  D:0007H         SYMBOL        j
  D:0006H         SYMBOL        k
  -------         ENDDO         
  C:1D3AH         LINE#         23
  C:1D3AH         LINE#         24
  C:1D3AH         LINE#         26
  C:1D40H         LINE#         27
  C:1D40H         LINE#         28
  C:1D44H         LINE#         29
  C:1D47H         LINE#         30
  -------         ENDPROC       _DC_DELAY
  -------         PROC          DC_DISPLAY
  C:1A33H         LINE#         38
BL51 BANKED LINKER/LOCATER V6.22                                                      05/06/2015  09:33:42  PAGE 43


  C:1A33H         LINE#         39
  C:1A33H         LINE#         40
  C:1A35H         LINE#         41
  C:1A41H         LINE#         42
  C:1A43H         LINE#         43
  C:1A45H         LINE#         45
  C:1A47H         LINE#         46
  C:1A4AH         LINE#         47
  C:1A4CH         LINE#         48
  C:1A4EH         LINE#         49
  -------         ENDPROC       DC_DISPLAY
  -------         PROC          DC_INF_DISPOSE
  C:1442H         LINE#         58
  C:1442H         LINE#         59
  C:1442H         LINE#         60
  C:1448H         LINE#         61
  C:1448H         LINE#         62
  C:1456H         LINE#         63
  C:1456H         LINE#         64
  C:1456H         LINE#         65
  C:1459H         LINE#         66
  C:145DH         LINE#         67
  C:145DH         LINE#         68
  C:1461H         LINE#         69
  C:1461H         LINE#         70
  C:1463H         LINE#         71
  C:1463H         LINE#         72
  C:1465H         LINE#         74
  C:1465H         LINE#         75
  C:1467H         LINE#         76
  C:1469H         LINE#         77
  C:1469H         LINE#         78
  C:146BH         LINE#         80
  C:146BH         LINE#         81
  C:1471H         LINE#         82
  C:1474H         LINE#         83
  C:1479H         LINE#         84
  C:1479H         LINE#         85
  C:147CH         LINE#         86
  C:147CH         LINE#         87
  C:147EH         LINE#         89
  C:147EH         LINE#         90
  C:1484H         LINE#         91
  C:1487H         LINE#         92
  C:148BH         LINE#         93
  C:148BH         LINE#         94
  C:148EH         LINE#         95
  C:148EH         LINE#         96
  C:1493H         LINE#         97
  C:1493H         LINE#         98
  C:1496H         LINE#         99
  C:1496H         LINE#         100
  C:1496H         LINE#         102
  C:1496H         LINE#         103
  C:1496H         LINE#         104
  C:1496H         LINE#         105
  C:1499H         LINE#         106
BL51 BANKED LINKER/LOCATER V6.22                                                      05/06/2015  09:33:42  PAGE 44


  C:1499H         LINE#         107
  -------         ENDPROC       DC_INF_DISPOSE
  -------         PROC          DC_TIME0_INIT
  C:1CB1H         LINE#         115
  C:1CB1H         LINE#         116
  C:1CB1H         LINE#         117
  C:1CB4H         LINE#         118
  C:1CB7H         LINE#         119
  C:1CBAH         LINE#         120
  C:1CBDH         LINE#         121
  C:1CBFH         LINE#         122
  C:1CC1H         LINE#         123
  -------         ENDPROC       DC_TIME0_INIT
  -------         PROC          DC_MAIN
  C:1903H         LINE#         131
  C:1903H         LINE#         132
  C:1903H         LINE#         133
  C:1906H         LINE#         134
  C:1908H         LINE#         135
  C:190AH         LINE#         136
  C:190DH         LINE#         137
  C:1910H         LINE#         138
  C:1912H         LINE#         139
  C:1914H         LINE#         140
  C:1916H         LINE#         141
  C:1919H         LINE#         142
  C:191EH         LINE#         143
  C:191EH         LINE#         144
  C:1921H         LINE#         145
  C:1924H         LINE#         146
  C:1926H         LINE#         147
  -------         ENDPROC       DC_MAIN
  -------         ENDMOD        DC_MOTOR

  -------         MODULE        HELM_MOTOR
  C:0000H         SYMBOL        _ICE_DUMMY_
  D:0080H         PUBLIC        P0
  D:0090H         PUBLIC        P1
  D:00A0H         PUBLIC        P2
  D:00B0H         PUBLIC        P3
  C:0F20H         PUBLIC        helm_display
  D:00E8H         PUBLIC        P4
  B:00A8H.7       PUBLIC        EA
  D:00A8H         PUBLIC        IE
  D:00B8H         PUBLIC        IP
  C:1C6DH         PUBLIC        _helm_delay
  B:00A0H.6       PUBLIC        dula
  B:00A0H.7       PUBLIC        wela
  C:1A53H         PUBLIC        helm_main
  D:0098H         PUBLIC        SCON
  D:001EH         PUBLIC        helm_count
  D:0089H         PUBLIC        TMOD
  D:0088H         PUBLIC        TCON
  C:1CC2H         PUBLIC        helm_Time0_Init
  B:00A8H.1       PUBLIC        ET0
  D:008CH         PUBLIC        TH0
  B:00A8H.2       PUBLIC        EX1
BL51 BANKED LINKER/LOCATER V6.22                                                      05/06/2015  09:33:42  PAGE 45


  B:0088H.2       PUBLIC        IT1
  D:008AH         PUBLIC        TL0
  B:0088H.4       PUBLIC        TR0
  D:001FH         PUBLIC        helm_jd
  C:1747H         PUBLIC        helm_Inf_Dispose
  D:00C8H         PUBLIC        T2CON
  D:00D0H         PUBLIC        PSW
  -------         PROC          L?0028
  -------         ENDPROC       L?0028
  -------         PROC          _HELM_DELAY
  D:0007H         SYMBOL        i
  -------         DO            
  D:0007H         SYMBOL        j
  D:0006H         SYMBOL        k
  -------         ENDDO         
  C:1C6DH         LINE#         21
  C:1C6DH         LINE#         22
  C:1C6DH         LINE#         24
  C:1C73H         LINE#         25
  C:1C73H         LINE#         26
  C:1C77H         LINE#         27
  C:1C7AH         LINE#         28
  -------         ENDPROC       _HELM_DELAY
  -------         PROC          HELM_DISPLAY
  -------         DO            
  D:0003H         SYMBOL        bai
  D:0004H         SYMBOL        shi
  D:0005H         SYMBOL        ge
  -------         ENDDO         
  C:0F20H         LINE#         36
  C:0F20H         LINE#         37
  C:0F20H         LINE#         39
  C:0F33H         LINE#         40
  C:0F33H         LINE#         41
  C:0F33H         LINE#         42
  C:0F35H         LINE#         43
  C:0F36H         LINE#         44
  C:0F37H         LINE#         45
  C:0F39H         LINE#         47
  C:0F39H         LINE#         48
  C:0F3BH         LINE#         49
  C:0F3DH         LINE#         50
  C:0F3FH         LINE#         51
  C:0F41H         LINE#         53
  C:0F41H         LINE#         54
  C:0F43H         LINE#         55
  C:0F45H         LINE#         56
  C:0F46H         LINE#         57
  C:0F48H         LINE#         59
  C:0F48H         LINE#         60
  C:0F4AH         LINE#         61
  C:0F4CH         LINE#         62
  C:0F4EH         LINE#         63
  C:0F50H         LINE#         65
  C:0F50H         LINE#         66
  C:0F52H         LINE#         67
  C:0F54H         LINE#         68
BL51 BANKED LINKER/LOCATER V6.22                                                      05/06/2015  09:33:42  PAGE 46


  C:0F56H         LINE#         69
  C:0F56H         LINE#         71
  C:0F56H         LINE#         72
  C:0F56H         LINE#         73
  C:0F56H         LINE#         74
  C:0F58H         LINE#         75
  C:0F5AH         LINE#         76
  C:0F5AH         LINE#         77
  C:0F5DH         LINE#         78
  C:0F5FH         LINE#         79
  C:0F61H         LINE#         80
  C:0F64H         LINE#         81
  C:0F66H         LINE#         82
  C:0F68H         LINE#         83
  C:0F68H         LINE#         84
  C:0F6FH         LINE#         85
  C:0F71H         LINE#         86
  C:0F73H         LINE#         87
  C:0F76H         LINE#         88
  C:0F76H         LINE#         89
  C:0F76H         LINE#         90
  C:0F79H         LINE#         92
  C:0F79H         LINE#         93
  C:0F7CH         LINE#         94
  C:0F7EH         LINE#         95
  C:0F80H         LINE#         96
  C:0F83H         LINE#         97
  C:0F85H         LINE#         98
  C:0F87H         LINE#         99
  C:0F87H         LINE#         100
  C:0F8BH         LINE#         101
  C:0F8DH         LINE#         102
  C:0F8FH         LINE#         103
  C:0F92H         LINE#         104
  C:0F92H         LINE#         105
  C:0F92H         LINE#         106
  C:0F95H         LINE#         108
  C:0F95H         LINE#         109
  C:0F98H         LINE#         110
  C:0F9AH         LINE#         111
  C:0F9CH         LINE#         112
  C:0F9FH         LINE#         113
  C:0FA1H         LINE#         114
  C:0FA3H         LINE#         115
  C:0FA3H         LINE#         116
  C:0FA7H         LINE#         117
  C:0FA9H         LINE#         118
  C:0FABH         LINE#         119
  C:0FAEH         LINE#         120
  C:0FB0H         LINE#         121
  C:0FB2H         LINE#         122
  -------         ENDPROC       HELM_DISPLAY
  -------         PROC          HELM_INF_DISPOSE
  C:1747H         LINE#         131
  C:1747H         LINE#         132
  C:1747H         LINE#         133
  C:174DH         LINE#         134
BL51 BANKED LINKER/LOCATER V6.22                                                      05/06/2015  09:33:42  PAGE 47


  C:174DH         LINE#         135
  C:1757H         LINE#         136
  C:1757H         LINE#         137
  C:1757H         LINE#         138
  C:1759H         LINE#         139
  C:175CH         LINE#         140
  C:1761H         LINE#         141
  C:1761H         LINE#         142
  C:1764H         LINE#         143
  C:1764H         LINE#         145
  C:1766H         LINE#         146
  C:1766H         LINE#         147
  C:1768H         LINE#         148
  C:176BH         LINE#         149
  C:176FH         LINE#         150
  C:176FH         LINE#         151
  C:1772H         LINE#         152
  C:1772H         LINE#         153
  C:1772H         LINE#         154
  C:1772H         LINE#         155
  C:1772H         LINE#         156
  C:1772H         LINE#         157
  C:1775H         LINE#         158
  C:1775H         LINE#         159
  -------         ENDPROC       HELM_INF_DISPOSE
  -------         PROC          HELM_TIME0_INIT
  C:1CC2H         LINE#         161
  C:1CC2H         LINE#         162
  C:1CC2H         LINE#         163
  C:1CC5H         LINE#         164
  C:1CC8H         LINE#         165
  C:1CCBH         LINE#         166
  C:1CCEH         LINE#         167
  C:1CD0H         LINE#         168
  C:1CD2H         LINE#         169
  -------         ENDPROC       HELM_TIME0_INIT
  -------         PROC          HELM_MAIN
  C:1A53H         LINE#         177
  C:1A53H         LINE#         178
  C:1A53H         LINE#         179
  C:1A56H         LINE#         180
  C:1A58H         LINE#         181
  C:1A5AH         LINE#         182
  C:1A5CH         LINE#         183
  C:1A5FH         LINE#         184
  C:1A62H         LINE#         185
  C:1A65H         LINE#         186
  C:1A6AH         LINE#         187
  C:1A6AH         LINE#         188
  C:1A6DH         LINE#         189
  C:1A70H         LINE#         190
  C:1A72H         LINE#         191
  -------         ENDPROC       HELM_MAIN
  -------         ENDMOD        HELM_MOTOR

  -------         MODULE        RELAY
  C:0000H         SYMBOL        _ICE_DUMMY_
BL51 BANKED LINKER/LOCATER V6.22                                                      05/06/2015  09:33:42  PAGE 48


  D:0080H         PUBLIC        P0
  D:0090H         PUBLIC        P1
  D:00A0H         PUBLIC        P2
  D:00B0H         PUBLIC        P3
  D:00E8H         PUBLIC        P4
  B:00A8H.7       PUBLIC        EA
  D:00A8H         PUBLIC        IE
  D:00B8H         PUBLIC        IP
  B:00A0H.0       PUBLIC        relay
  C:1A73H         PUBLIC        relay_main
  D:0098H         PUBLIC        SCON
  D:0089H         PUBLIC        TMOD
  D:0088H         PUBLIC        TCON
  D:0016H         PUBLIC        relay_Tc
  D:008CH         PUBLIC        TH0
  B:00A8H.2       PUBLIC        EX1
  B:0088H.2       PUBLIC        IT1
  D:008AH         PUBLIC        TL0
  B:0088H.4       PUBLIC        TR0
  C:1CE3H         PUBLIC        relay_Inf_Dispose
  D:00C8H         PUBLIC        T2CON
  D:001AH         PUBLIC        relay_m
  D:00D0H         PUBLIC        PSW
  -------         PROC          RELAY_INF_DISPOSE
  C:1CE3H         LINE#         21
  C:1CE3H         LINE#         22
  C:1CE3H         LINE#         23
  C:1CE8H         LINE#         24
  C:1CE8H         LINE#         25
  C:1CEDH         LINE#         26
  C:1CEDH         LINE#         27
  C:1CEFH         LINE#         28
  C:1CEFH         LINE#         29
  C:1CF2H         LINE#         30
  C:1CF2H         LINE#         31
  -------         ENDPROC       RELAY_INF_DISPOSE
  -------         PROC          RELAY_MAIN
  C:1A73H         LINE#         39
  C:1A73H         LINE#         40
  C:1A73H         LINE#         41
  C:1A76H         LINE#         42
  C:1A78H         LINE#         43
  C:1A7AH         LINE#         44
  C:1A7CH         LINE#         45
  C:1A7FH         LINE#         46
  C:1A82H         LINE#         47
  C:1A84H         LINE#         48
  C:1A86H         LINE#         49
  C:1A88H         LINE#         50
  C:1A8DH         LINE#         51
  C:1A8DH         LINE#         52
  C:1A90H         LINE#         53
  C:1A92H         LINE#         54
  -------         ENDPROC       RELAY_MAIN
  -------         ENDMOD        RELAY

  -------         MODULE        INTERRUPT
BL51 BANKED LINKER/LOCATER V6.22                                                      05/06/2015  09:33:42  PAGE 49


  C:0000H         SYMBOL        _ICE_DUMMY_
  D:0080H         PUBLIC        P0
  D:0090H         PUBLIC        P1
  D:00A0H         PUBLIC        P2
  D:00B0H         PUBLIC        P3
  D:00E8H         PUBLIC        P4
  D:002DH         PUBLIC        step_m
  D:00A8H         PUBLIC        IE
  D:00B8H         PUBLIC        IP
  C:0B56H         PUBLIC        intersvr1
  D:0098H         PUBLIC        SCON
  D:0088H         PUBLIC        TCON
  B:0090H.7       PUBLIC        helm_motor
  D:008CH         PUBLIC        TH0
  C:15E7H         PUBLIC        Time0_Int
  D:008AH         PUBLIC        TL0
  B:0090H.7       PUBLIC        dc_motor
  D:00C8H         PUBLIC        T2CON
  D:00D0H         PUBLIC        PSW
  -------         PROC          TIME0_INT
  C:15E7H         LINE#         10
  C:15EBH         LINE#         13
  C:15F0H         LINE#         14
  C:15F0H         LINE#         15
  C:15F3H         LINE#         16
  C:15F6H         LINE#         17
  C:15F8H         LINE#         18
  C:15FDH         LINE#         19
  C:15FDH         LINE#         20
  C:15FFH         LINE#         21
  C:15FFH         LINE#         22
  C:1605H         LINE#         23
  C:1605H         LINE#         24
  C:1607H         LINE#         25
  C:1609H         LINE#         26
  C:1609H         LINE#         27
  C:160BH         LINE#         28
  C:1610H         LINE#         29
  C:1610H         LINE#         30
  C:1613H         LINE#         31
  C:1616H         LINE#         33
  C:1618H         LINE#         34
  C:161DH         LINE#         35
  C:161DH         LINE#         36
  C:161FH         LINE#         37
  C:161FH         LINE#         39
  C:1624H         LINE#         40
  C:1624H         LINE#         41
  C:1626H         LINE#         42
  C:1629H         LINE#         43
  C:1629H         LINE#         44
  C:1629H         LINE#         45
  -------         ENDPROC       TIME0_INT
  -------         PROC          INTERSVR1
  C:0B56H         LINE#         53
  C:0B73H         LINE#         55
  C:0B83H         LINE#         56
BL51 BANKED LINKER/LOCATER V6.22                                                      05/06/2015  09:33:42  PAGE 50


  C:0B86H         LINE#         57
  C:0B89H         LINE#         59
  C:0B9EH         LINE#         60
  C:0B9EH         LINE#         61
  C:0BAAH         LINE#         62
  C:0BB0H         LINE#         64
  C:0BB0H         LINE#         66
  C:0BB9H         LINE#         67
  C:0BB9H         LINE#         68
  C:0BCEH         LINE#         69
  C:0BCEH         LINE#         70
  C:0BF2H         LINE#         71
  C:0C07H         LINE#         72
  C:0C07H         LINE#         73
  C:0C1CH         LINE#         74
  C:0C1CH         LINE#         75
  C:0C39H         LINE#         76
  C:0C4EH         LINE#         77
  C:0C4EH         LINE#         78
  C:0C62H         LINE#         79
  C:0C62H         LINE#         80
  C:0C6AH         LINE#         81
  C:0C6CH         LINE#         82
  C:0C72H         LINE#         83
  C:0C72H         LINE#         84
  C:0C75H         LINE#         85
  C:0C77H         LINE#         87
  C:0C77H         LINE#         88
  C:0C7AH         LINE#         89
  C:0C7AH         LINE#         90
  C:0C7AH         LINE#         91
  C:0C7AH         LINE#         92
  -------         ENDPROC       INTERSVR1
  -------         ENDMOD        INTERRUPT

  -------         MODULE        ?C?FPADD
  C:002DH         PUBLIC        ?C?FPADD
  C:0029H         PUBLIC        ?C?FPSUB
  -------         ENDMOD        ?C?FPADD

  -------         MODULE        ?C?FPMUL
  C:011EH         PUBLIC        ?C?FPMUL
  -------         ENDMOD        ?C?FPMUL

  -------         MODULE        ?C?FCAST
  C:022EH         PUBLIC        ?C?FCASTC
  C:0229H         PUBLIC        ?C?FCASTI
  C:0224H         PUBLIC        ?C?FCASTL
  -------         ENDMOD        ?C?FCAST

  -------         MODULE        ?C?CASTF
  C:0262H         PUBLIC        ?C?CASTF
  -------         ENDMOD        ?C?CASTF

  -------         MODULE        ?C?SCDIV
  C:02E3H         PUBLIC        ?C?SCDIV
  -------         ENDMOD        ?C?SCDIV
BL51 BANKED LINKER/LOCATER V6.22                                                      05/06/2015  09:33:42  PAGE 51



  -------         MODULE        ?C?UIDIV
  C:0305H         PUBLIC        ?C?UIDIV
  -------         ENDMOD        ?C?UIDIV

  -------         MODULE        ?C?ULDIV
  C:0396H         PUBLIC        ?C?ULDIV
  -------         ENDMOD        ?C?ULDIV

  -------         MODULE        ?C?LNEG
  C:0428H         PUBLIC        ?C?LNEG
  -------         ENDMOD        ?C?LNEG

  -------         MODULE        ?C?ULCMP
  C:0436H         PUBLIC        ?C?ULCMP
  -------         ENDMOD        ?C?ULCMP

  -------         MODULE        ?C?CCASE
  C:0447H         PUBLIC        ?C?CCASE
  -------         ENDMOD        ?C?CCASE

*** WARNING L16: UNCALLED SEGMENT, IGNORED FOR OVERLAY PROCESS
    SEGMENT: ?PR?_WRITE_WEEK?DS12C887

Program Size: data=64.4 xdata=0 code=7541
LINK/LOCATE RUN COMPLETE.  1 WARNING(S),  0 ERROR(S)
