BL51 BANKED LINKER/LOCATER V5.03                                                        04/29/2014  11:19:51  PAGE 1


BL51 BANKED LINKER/LOCATER V5.03, INVOKED BY:
E:\KEIL\C51\BIN\BL51.EXE .\STARTUP.obj, 24c02.obj, 1602.obj, 12864.obj, ad.obj, da.obj, ds18b20.obj, key.obj, led.obj, m
>> ain.obj, uart.obj TO Test RAMSIZE (256)


MEMORY MODEL: SMALL WITH FLOATING POINT ARITHMETIC


INPUT MODULES INCLUDED:
  .\STARTUP.obj (?C_STARTUP)
  24c02.obj (24C02)
  1602.obj (1602)
  12864.obj (12864)
  ad.obj (AD)
  da.obj (DA)
  ds18b20.obj (DS18B20)
  key.obj (KEY)
  led.obj (LED)
  main.obj (MAIN)
  uart.obj (UART)
  E:\KEIL\C51\LIB\C51FPS.LIB (?C?FPADD)
  E:\KEIL\C51\LIB\C51FPS.LIB (?C?FPMUL)
  E:\KEIL\C51\LIB\C51FPS.LIB (?C?FCAST)
  E:\KEIL\C51\LIB\C51FPS.LIB (?C?CASTF)
  E:\KEIL\C51\LIB\C51FPS.LIB (?C?FPGETOPN)
  E:\KEIL\C51\LIB\C51S.LIB (?C_INIT)
  E:\KEIL\C51\LIB\C51S.LIB (?C?UIDIV)
  E:\KEIL\C51\LIB\C51S.LIB (?C?LNEG)


LINK MAP OF MODULE:  Test (?C_STARTUP)


            TYPE    BASE      LENGTH    RELOCATION   SEGMENT NAME
            -----------------------------------------------------

            * * * * * * *   D A T A   M E M O R Y   * * * * * * *
            REG     0000H     0008H     ABSOLUTE     "REG BANK 0"
            DATA    0008H     0007H     UNIT         ?DT?24C02
            DATA    000FH     0007H     UNIT         _DATA_GROUP_
            DATA    0016H     0006H     UNIT         ?DT?12864
            DATA    001CH     0001H     UNIT         ?DT?UART
                    001DH     0003H                  *** GAP ***
            BIT     0020H.0   0000H.1   UNIT         ?BI?24C02
            BIT     0020H.1   0000H.1   UNIT         _BIT_GROUP_
                    0020H.2   0000H.6                *** GAP ***
            DATA    0021H     001DH     UNIT         ?DT?1602
            DATA    003EH     0005H     UNIT         ?DT?DS18B20
            IDATA   0043H     0001H     UNIT         ?STACK

            * * * * * * *   C O D E   M E M O R Y   * * * * * * *
            CODE    0000H     0003H     ABSOLUTE     
            CODE    0003H     0020H     UNIT         ?PR?_LCD_POS?12864
            CODE    0023H     0003H     ABSOLUTE     
            CODE    0026H     0320H     UNIT         ?C?LIB_CODE
            CODE    0346H     017DH     UNIT         ?PR?KEY?KEY
            CODE    04C3H     00EFH     UNIT         ?CO?UART
            CODE    05B2H     00AAH     UNIT         ?PR?TEST_PROCESS?MAIN
BL51 BANKED LINKER/LOCATER V5.03                                                      04/29/2014  11:19:51  PAGE 2


            CODE    065CH     008CH     UNIT         ?C_C51STARTUP
            CODE    06E8H     007CH     UNIT         ?PR?_DISPLAY_18B20?DS18B20
            CODE    0764H     006DH     UNIT         ?PR?TX12864?12864
            CODE    07D1H     0066H     UNIT         ?PR?TMP?DS18B20
            CODE    0837H     0065H     UNIT         ?PR?AD?AD
            CODE    089CH     0053H     UNIT         ?PR?_DISPLAY?AD
            CODE    08EFH     0052H     UNIT         ?PR?TX1602?1602
            CODE    0941H     0051H     UNIT         ?PR?C02?24C02
            CODE    0992H     0048H     UNIT         ?PR?_TMPWRITEBYTE?DS18B20
            CODE    09DAH     003AH     UNIT         ?CO?12864
            CODE    0A14H     0037H     UNIT         ?PR?DS18B20?DS18B20
            CODE    0A4BH     0033H     UNIT         ?PR?_DISPLAY_24C?24C02
            CODE    0A7EH     0030H     UNIT         ?PR?LED?LED
            CODE    0AAEH     002AH     UNIT         ?CO?AD
            CODE    0AD8H     002AH     UNIT         ?CO?DS18B20
            CODE    0B02H     0027H     UNIT         ?PR?READX?24C02
            CODE    0B29H     0027H     UNIT         ?C_INITSEG
            CODE    0B50H     0027H     UNIT         ?PR?DA?DA
            CODE    0B77H     0026H     UNIT         ?PR?LCD_INIT?12864
            CODE    0B9DH     0025H     UNIT         ?PR?_X24C08_READ?24C02
            CODE    0BC2H     0025H     UNIT         ?PR?_DELAY_1602?1602
            CODE    0BE7H     0024H     UNIT         ?PR?TMPREADBIT?DS18B20
            CODE    0C0BH     0023H     UNIT         ?PR?CLOCK?24C02
            CODE    0C2EH     0021H     UNIT         ?PR?_DELAY_12864?12864
            CODE    0C4FH     0021H     UNIT         ?PR?_DELAY1?DS18B20
            CODE    0C70H     001FH     UNIT         ?PR?INIT?1602
            CODE    0C8FH     001FH     UNIT         ?PR?DSRESET?DS18B20
            CODE    0CAEH     001EH     UNIT         ?PR?_WRITEX?24C02
            CODE    0CCCH     001EH     UNIT         ?PR?_X24C08_WRITE?24C02
            CODE    0CEAH     001EH     UNIT         ?PR?_DELAY1_1602?1602
            CODE    0D08H     001DH     UNIT         ?PR?TMPREAD?DS18B20
            CODE    0D25H     001DH     UNIT         ?PR?_SEND_STRING?UART
            CODE    0D42H     001CH     UNIT         ?PR?_LCD_WCMD?12864
            CODE    0D5EH     001AH     UNIT         ?PR?_LCD_WDAT?12864
            CODE    0D78H     0019H     UNIT         ?PR?_WRITE_COM?1602
            CODE    0D91H     0019H     UNIT         ?PR?_WRITE_DATE?1602
            CODE    0DAAH     0019H     UNIT         ?PR?UART?UART
            CODE    0DC3H     0017H     UNIT         ?PR?_DISPLAY_KEY?KEY
            CODE    0DDAH     0015H     UNIT         ?PR?_DELAY3?24C02
            CODE    0DEFH     0014H     UNIT         ?PR?_DELAY_24C?24C02
            CODE    0E03H     0014H     UNIT         ?PR?LCD_BUSY?12864
            CODE    0E17H     0010H     UNIT         ?PR?TMPCHANGE?DS18B20
            CODE    0E27H     0010H     UNIT         ?CO?KEY
            CODE    0E37H     000FH     UNIT         ?PR?START_24C?24C02
            CODE    0E46H     000FH     UNIT         ?PR?MAIN?MAIN
            CODE    0E55H     000EH     UNIT         ?PR?_DELAY?DA
            CODE    0E63H     000EH     UNIT         ?PR?_DELAY_KEY?KEY
            CODE    0E71H     000AH     UNIT         ?PR?X24C08_INIT?24C02
            CODE    0E7BH     000AH     UNIT         ?PR?STOP?24C02
            CODE    0E85H     0009H     UNIT         ?PR?DELAY10MS?LED
            CODE    0E8EH     0009H     UNIT         ?PR?SERIAL?UART
            CODE    0E97H     0008H     UNIT         ?PR?_SEND_CHAR?UART
            CODE    0E9FH     0007H     UNIT         ?PR?START?UART
            CODE    0EA6H     0006H     UNIT         ?PR?FLASH?24C02



BL51 BANKED LINKER/LOCATER V5.03                                                      04/29/2014  11:19:51  PAGE 3


OVERLAY MAP OF MODULE:   Test (?C_STARTUP)


SEGMENT                               BIT_GROUP          DATA_GROUP 
  +--> CALLED SEGMENT              START    LENGTH     START    LENGTH
----------------------------------------------------------------------
?C_C51STARTUP                      -----    -----      -----    -----
  +--> ?PR?MAIN?MAIN
  +--> ?C_INITSEG

?PR?MAIN?MAIN                      -----    -----      -----    -----
  +--> ?PR?UART?UART
  +--> ?PR?START?UART
  +--> ?PR?TEST_PROCESS?MAIN

?PR?START?UART                     -----    -----      -----    -----
  +--> ?CO?UART
  +--> ?PR?_SEND_STRING?UART

?PR?_SEND_STRING?UART              -----    -----      -----    -----
  +--> ?PR?_SEND_CHAR?UART

?PR?TEST_PROCESS?MAIN              -----    -----      -----    -----
  +--> ?PR?START?UART
  +--> ?PR?LED?LED
  +--> ?PR?DA?DA
  +--> ?PR?AD?AD
  +--> ?PR?KEY?KEY
  +--> ?PR?DS18B20?DS18B20
  +--> ?PR?TX1602?1602
  +--> ?PR?TX12864?12864
  +--> ?PR?C02?24C02

?PR?LED?LED                        -----    -----      -----    -----
  +--> ?PR?DELAY10MS?LED

?PR?DA?DA                          -----    -----      -----    -----
  +--> ?PR?_DELAY?DA

?PR?AD?AD                          -----    -----      000FH    0005H
  +--> ?PR?_DISPLAY?AD

?PR?_DISPLAY?AD                    -----    -----      0014H    0002H
  +--> ?CO?AD
  +--> ?PR?_DELAY?DA

?PR?KEY?KEY                        -----    -----      000FH    0002H
  +--> ?PR?_DELAY_KEY?KEY
  +--> ?PR?_DISPLAY_KEY?KEY

?PR?_DISPLAY_KEY?KEY               -----    -----      -----    -----
  +--> ?CO?KEY

?PR?DS18B20?DS18B20                -----    -----      000FH    0002H
  +--> ?PR?TMPCHANGE?DS18B20
  +--> ?PR?TMP?DS18B20
  +--> ?PR?_DISPLAY_18B20?DS18B20
BL51 BANKED LINKER/LOCATER V5.03                                                      04/29/2014  11:19:51  PAGE 4



?PR?TMPCHANGE?DS18B20              -----    -----      -----    -----
  +--> ?PR?DSRESET?DS18B20
  +--> ?PR?_DELAY1?DS18B20
  +--> ?PR?_TMPWRITEBYTE?DS18B20

?PR?_TMPWRITEBYTE?DS18B20          0020H.1  0000H.1    -----    -----

?PR?TMP?DS18B20                    -----    -----      0011H    0004H
  +--> ?PR?DSRESET?DS18B20
  +--> ?PR?_DELAY1?DS18B20
  +--> ?PR?_TMPWRITEBYTE?DS18B20
  +--> ?PR?TMPREAD?DS18B20

?PR?TMPREAD?DS18B20                -----    -----      -----    -----
  +--> ?PR?TMPREADBIT?DS18B20

?PR?TMPREADBIT?DS18B20             0020H.1  0000H.1    -----    -----

?PR?_DISPLAY_18B20?DS18B20         -----    -----      0011H    0002H
  +--> ?CO?DS18B20
  +--> ?PR?_DELAY1?DS18B20

?PR?TX1602?1602                    -----    -----      -----    -----
  +--> ?PR?INIT?1602
  +--> ?PR?_DELAY_1602?1602
  +--> ?PR?_WRITE_DATE?1602
  +--> ?PR?_WRITE_COM?1602
  +--> ?PR?_DELAY1_1602?1602

?PR?INIT?1602                      -----    -----      -----    -----
  +--> ?PR?_DELAY_1602?1602
  +--> ?PR?_WRITE_COM?1602

?PR?_DELAY_1602?1602               -----    -----      -----    -----
  +--> ?PR?_WRITE_COM?1602

?PR?_WRITE_DATE?1602               -----    -----      -----    -----
  +--> ?PR?_DELAY_1602?1602

?PR?TX12864?12864                  -----    -----      -----    -----
  +--> ?PR?_DELAY_12864?12864
  +--> ?PR?LCD_INIT?12864
  +--> ?PR?_LCD_POS?12864
  +--> ?CO?12864
  +--> ?PR?_LCD_WDAT?12864

?PR?_DELAY_12864?12864             -----    -----      000FH    0001H

?PR?LCD_INIT?12864                 -----    -----      -----    -----
  +--> ?PR?_LCD_WCMD?12864
  +--> ?PR?_DELAY_12864?12864

?PR?_LCD_WCMD?12864                -----    -----      -----    -----
  +--> ?PR?LCD_BUSY?12864

?PR?LCD_BUSY?12864                 0020H.1  0000H.1    -----    -----
BL51 BANKED LINKER/LOCATER V5.03                                                      04/29/2014  11:19:51  PAGE 5



?PR?_LCD_POS?12864                 -----    -----      -----    -----
  +--> ?PR?_LCD_WCMD?12864

?PR?_LCD_WDAT?12864                -----    -----      -----    -----
  +--> ?PR?LCD_BUSY?12864

?PR?C02?24C02                      -----    -----      -----    -----
  +--> ?PR?X24C08_INIT?24C02
  +--> ?PR?_X24C08_READ?24C02
  +--> ?PR?_DISPLAY_24C?24C02
  +--> ?PR?_X24C08_WRITE?24C02

?PR?X24C08_INIT?24C02              -----    -----      -----    -----
  +--> ?PR?FLASH?24C02

?PR?_X24C08_READ?24C02             -----    -----      -----    -----
  +--> ?PR?START_24C?24C02
  +--> ?PR?CLOCK?24C02
  +--> ?PR?_WRITEX?24C02
  +--> ?PR?READX?24C02
  +--> ?PR?STOP?24C02
  +--> ?PR?_DELAY3?24C02

?PR?START_24C?24C02                -----    -----      -----    -----
  +--> ?PR?FLASH?24C02

?PR?CLOCK?24C02                    -----    -----      -----    -----
  +--> ?PR?_WRITEX?24C02
  +--> ?PR?FLASH?24C02

?PR?_WRITEX?24C02                  -----    -----      -----    -----
  +--> ?PR?FLASH?24C02

?PR?READX?24C02                    -----    -----      -----    -----
  +--> ?PR?FLASH?24C02

?PR?STOP?24C02                     -----    -----      -----    -----
  +--> ?PR?FLASH?24C02

?PR?_DISPLAY_24C?24C02             -----    -----      -----    -----
  +--> ?CO?AD
  +--> ?PR?_DELAY_24C?24C02

?PR?_X24C08_WRITE?24C02            -----    -----      -----    -----
  +--> ?PR?START_24C?24C02
  +--> ?PR?_WRITEX?24C02
  +--> ?PR?CLOCK?24C02
  +--> ?PR?STOP?24C02
  +--> ?PR?_DELAY3?24C02



SYMBOL TABLE OF MODULE:  Test (?C_STARTUP)

  VALUE           TYPE          NAME
  ----------------------------------
BL51 BANKED LINKER/LOCATER V5.03                                                      04/29/2014  11:19:51  PAGE 6



  -------         MODULE        ?C_STARTUP
  C:065CH         SEGMENT       ?C_C51STARTUP
  I:0043H         SEGMENT       ?STACK
  C:0000H         PUBLIC        ?C_STARTUP
  D:00E0H         SYMBOL        ACC
  D:00F0H         SYMBOL        B
  D:0083H         SYMBOL        DPH
  D:0082H         SYMBOL        DPL
  N:0000H         SYMBOL        IBPSTACK
  N:0100H         SYMBOL        IBPSTACKTOP
  N:0080H         SYMBOL        IDATALEN
  C:065FH         SYMBOL        IDATALOOP
  N:0000H         SYMBOL        PBPSTACK
  N:0000H         SYMBOL        PBPSTACKTOP
  N:0000H         SYMBOL        PDATALEN
  N:0000H         SYMBOL        PDATASTART
  N:0000H         SYMBOL        PPAGE
  N:0000H         SYMBOL        PPAGEENABLE
  D:00A0H         SYMBOL        PPAGE_SFR
  D:0081H         SYMBOL        SP
  C:065CH         SYMBOL        STARTUP1
  N:0000H         SYMBOL        XBPSTACK
  N:0000H         SYMBOL        XBPSTACKTOP
  N:0000H         SYMBOL        XDATALEN
  N:0000H         SYMBOL        XDATASTART
  C:0000H         LINE#         92
  C:065CH         LINE#         99
  C:065EH         LINE#         100
  C:065FH         LINE#         101
  C:0660H         LINE#         102
  C:0662H         LINE#         151
  C:0665H         LINE#         155
  -------         ENDMOD        ?C_STARTUP

  -------         MODULE        24C02
  C:0000H         SYMBOL        _ICE_DUMMY_
  D:0080H         PUBLIC        P0
  D:0090H         PUBLIC        P1
  D:00A0H         PUBLIC        P2
  D:00B0H         PUBLIC        P3
  C:0A4BH         PUBLIC        _display_24c
  B:00A8H.7       PUBLIC        EA
  C:0CAEH         PUBLIC        _writex
  C:0B9DH         PUBLIC        _x24c08_read
  C:0C16H         PUBLIC        clock
  C:0EABH         PUBLIC        flash
  C:0B02H         PUBLIC        readx
  C:0CCCH         PUBLIC        _x24c08_write
  C:0DEFH         PUBLIC        _delay_24c
  B:00D0H.7       PUBLIC        CY
  C:0DDAH         PUBLIC        _delay3
  B:00A0H.6       PUBLIC        dula
  B:00A0H.7       PUBLIC        wela
  B:0020H.0       PUBLIC        write
  B:00A0H.0       PUBLIC        sda
  D:0008H         PUBLIC        tcnt
BL51 BANKED LINKER/LOCATER V5.03                                                      04/29/2014  11:19:51  PAGE 7


  D:000AH         PUBLIC        sec
  C:0E71H         PUBLIC        x24c08_init
  B:00A0H.1       PUBLIC        scl
  C:0941H         PUBLIC        c02
  C:0E7BH         PUBLIC        stop
  C:0E37H         PUBLIC        start_24c
  D:000BH         PUBLIC        j
  D:000CH         PUBLIC        k
  D:000DH         PUBLIC        l
  D:000EH         PUBLIC        m
  -------         PROC          _DELAY_24C
  D:0007H         SYMBOL        i
  C:0DEFH         LINE#         12
  C:0DEFH         LINE#         13
  C:0DEFH         LINE#         14
  C:0DF8H         LINE#         15
  C:0E02H         LINE#         16
  -------         ENDPROC       _DELAY_24C
  -------         PROC          _DISPLAY_24C
  D:0007H         SYMBOL        bai_c
  D:0005H         SYMBOL        sh_c
  C:0A4BH         LINE#         17
  C:0A4BH         LINE#         18
  C:0A4BH         LINE#         20
  C:0A4DH         LINE#         21
  C:0A54H         LINE#         22
  C:0A56H         LINE#         23
  C:0A58H         LINE#         25
  C:0A5AH         LINE#         26
  C:0A5DH         LINE#         27
  C:0A5FH         LINE#         28
  C:0A61H         LINE#         29
  C:0A66H         LINE#         31
  C:0A68H         LINE#         32
  C:0A6CH         LINE#         33
  C:0A6EH         LINE#         34
  C:0A70H         LINE#         36
  C:0A72H         LINE#         37
  C:0A75H         LINE#         38
  C:0A77H         LINE#         39
  C:0A79H         LINE#         40
  -------         ENDPROC       _DISPLAY_24C
  -------         PROC          _DELAY3
  D:0007H         SYMBOL        x
  -------         DO            
  D:0004H         SYMBOL        i
  -------         ENDDO         
  C:0DDAH         LINE#         45
  C:0DDAH         LINE#         46
  C:0DDAH         LINE#         47
  C:0DEEH         LINE#         48
  -------         ENDPROC       _DELAY3
  C:0EA6H         SYMBOL        L?0042
  -------         PROC          L?0041
  -------         ENDPROC       L?0041
  C:0EA6H         SYMBOL        L?0042
  -------         PROC          FLASH
BL51 BANKED LINKER/LOCATER V5.03                                                      04/29/2014  11:19:51  PAGE 8


  C:0EABH         LINE#         49
  C:0EABH         LINE#         50
  -------         ENDPROC       FLASH
  -------         PROC          X24C08_INIT
  C:0E71H         LINE#         52
  C:0E71H         LINE#         53
  -------         ENDPROC       X24C08_INIT
  -------         PROC          START_24C
  C:0E37H         LINE#         55
  C:0E37H         LINE#         56
  -------         ENDPROC       START_24C
  -------         PROC          STOP
  C:0E7BH         LINE#         58
  C:0E7BH         LINE#         59
  -------         ENDPROC       STOP
  -------         PROC          _WRITEX
  D:0007H         SYMBOL        j
  -------         DO            
  D:0006H         SYMBOL        i
  D:0007H         SYMBOL        temp
  -------         ENDDO         
  C:0CAEH         LINE#         61
  C:0CAEH         LINE#         62
  C:0CAEH         LINE#         63
  C:0CAEH         LINE#         64
  C:0CB0H         LINE#         65
  C:0CC2H         LINE#         66
  -------         ENDPROC       _WRITEX
  -------         PROC          READX
  -------         DO            
  D:0005H         SYMBOL        i
  D:0007H         SYMBOL        j
  D:0006H         SYMBOL        k
  -------         ENDDO         
  C:0B02H         LINE#         69
  C:0B02H         LINE#         70
  C:0B02H         LINE#         71
  C:0B04H         LINE#         72
  C:0B0BH         LINE#         73
  C:0B0CH         LINE#         74
  C:0B0FH         LINE#         75
  C:0B16H         LINE#         76
  C:0B18H         LINE#         77
  C:0B1DH         LINE#         78
  C:0B23H         LINE#         79
  C:0B28H         LINE#         80
  -------         ENDPROC       READX
  -------         PROC          L?0040
  -------         ENDPROC       L?0040
  -------         PROC          CLOCK
  -------         DO            
  D:0007H         SYMBOL        i
  -------         ENDDO         
  C:0C16H         LINE#         81
  C:0C16H         LINE#         82
  C:0C16H         LINE#         83
  C:0C18H         LINE#         84
BL51 BANKED LINKER/LOCATER V5.03                                                      04/29/2014  11:19:51  PAGE 9


  C:0C1DH         LINE#         85
  C:0C29H         LINE#         86
  -------         ENDPROC       CLOCK
  -------         PROC          _X24C08_READ
  D:0005H         SYMBOL        address
  -------         DO            
  D:0006H         SYMBOL        i
  -------         ENDDO         
  C:0B9DH         LINE#         89
  C:0B9FH         LINE#         90
  C:0B9FH         LINE#         92
  C:0BA4H         LINE#         93
  C:0BA4H         LINE#         94
  C:0BAAH         LINE#         95
  C:0BB2H         LINE#         96
  C:0BBAH         LINE#         97
  C:0BBFH         LINE#         98
  C:0BC1H         LINE#         99
  -------         ENDPROC       _X24C08_READ
  -------         PROC          _X24C08_WRITE
  D:0004H         SYMBOL        address
  D:0005H         SYMBOL        info
  C:0CCCH         LINE#         101
  C:0CCEH         LINE#         102
  C:0CCEH         LINE#         103
  C:0CD0H         LINE#         104
  C:0CD8H         LINE#         105
  C:0CDDH         LINE#         106
  C:0CDDH         LINE#         107
  C:0CE3H         LINE#         108
  C:0CE5H         LINE#         109
  -------         ENDPROC       _X24C08_WRITE
  -------         PROC          C02
  -------         DO            
  D:0006H         SYMBOL        i
  -------         ENDDO         
  C:0941H         LINE#         113
  C:0941H         LINE#         114
  C:0941H         LINE#         117
  C:0944H         LINE#         118
  C:0947H         LINE#         119
  C:094EH         LINE#         121
  C:0954H         LINE#         122
  C:0954H         LINE#         125
  C:095CH         LINE#         126
  C:095EH         LINE#         127
  C:0960H         LINE#         128
  C:0962H         LINE#         129
  C:0968H         LINE#         130
  C:0968H         LINE#         131
  C:097AH         LINE#         132
  C:097CH         LINE#         133
  C:097FH         LINE#         134
  C:097FH         LINE#         135
  C:0981H         LINE#         136
  C:0988H         LINE#         137
  C:0988H         LINE#         139
BL51 BANKED LINKER/LOCATER V5.03                                                      04/29/2014  11:19:51  PAGE 10


  C:098AH         LINE#         140
  C:098DH         LINE#         141
  C:098FH         LINE#         142
  C:0991H         LINE#         143
  -------         ENDPROC       C02
  -------         ENDMOD        24C02

  -------         MODULE        1602
  C:0000H         SYMBOL        _ICE_DUMMY_
  D:0080H         PUBLIC        P0
  D:0090H         PUBLIC        P1
  D:00A0H         PUBLIC        P2
  D:00B0H         PUBLIC        P3
  B:00B0H.4       PUBLIC        lcden
  D:00A8H         PUBLIC        IE
  C:0D91H         PUBLIC        _write_date
  D:00B8H         PUBLIC        IP
  C:0BC9H         PUBLIC        _delay_1602
  B:00A0H.6       PUBLIC        dula
  B:00A0H.7       PUBLIC        wela
  C:0D78H         PUBLIC        _write_com
  D:0098H         PUBLIC        SCON
  D:0088H         PUBLIC        TCON
  C:0C70H         PUBLIC        init
  C:08EFH         PUBLIC        tx1602
  C:0CEAH         PUBLIC        _delay1_1602
  B:00B0H.5       PUBLIC        rs
  D:0021H         PUBLIC        table1_1602
  D:0030H         PUBLIC        table2_1602
  D:00C8H         PUBLIC        T2CON
  D:00D0H         PUBLIC        PSW
  C:0BC2H         SYMBOL        L?0033
  C:0BC5H         SYMBOL        L?0034
  -------         PROC          L?0032
  -------         ENDPROC       L?0032
  C:0BC2H         SYMBOL        L?0033
  C:0BC5H         SYMBOL        L?0034
  -------         PROC          _DELAY_1602
  D:0006H         SYMBOL        x
  -------         DO            
  D:0006H         SYMBOL        a
  D:0004H         SYMBOL        b
  -------         ENDDO         
  C:0BC9H         LINE#         5
  C:0BC9H         LINE#         6
  C:0BC9H         LINE#         8
  C:0BD2H         LINE#         9
  C:0BE6H         LINE#         10
  -------         ENDPROC       _DELAY_1602
  -------         PROC          _DELAY1_1602
  D:0006H         SYMBOL        x
  -------         DO            
  D:0006H         SYMBOL        a
  D:0004H         SYMBOL        b
  -------         ENDDO         
  C:0CEAH         LINE#         12
  C:0CEAH         LINE#         13
BL51 BANKED LINKER/LOCATER V5.03                                                      04/29/2014  11:19:51  PAGE 11


  C:0CEAH         LINE#         15
  C:0CF3H         LINE#         16
  C:0D07H         LINE#         17
  -------         ENDPROC       _DELAY1_1602
  -------         PROC          _WRITE_COM
  D:0007H         SYMBOL        com
  C:0D78H         LINE#         19
  C:0D78H         LINE#         20
  C:0D78H         LINE#         21
  C:0D7AH         LINE#         22
  C:0D7CH         LINE#         23
  C:0D7EH         LINE#         24
  C:0D85H         LINE#         25
  C:0D87H         LINE#         26
  C:0D8EH         LINE#         27
  C:0D90H         LINE#         29
  -------         ENDPROC       _WRITE_COM
  -------         PROC          _WRITE_DATE
  D:0007H         SYMBOL        date
  C:0D91H         LINE#         31
  C:0D91H         LINE#         32
  C:0D91H         LINE#         33
  C:0D93H         LINE#         34
  C:0D95H         LINE#         35
  C:0D97H         LINE#         36
  C:0D9EH         LINE#         37
  C:0DA0H         LINE#         38
  C:0DA7H         LINE#         39
  C:0DA9H         LINE#         41
  -------         ENDPROC       _WRITE_DATE
  -------         PROC          INIT
  C:0C70H         LINE#         43
  C:0C70H         LINE#         44
  C:0C70H         LINE#         45
  C:0C72H         LINE#         46
  C:0C74H         LINE#         47
  C:0C76H         LINE#         48
  C:0C79H         LINE#         49
  C:0C7BH         LINE#         50
  C:0C7EH         LINE#         51
  C:0C80H         LINE#         52
  C:0C83H         LINE#         53
  C:0C88H         LINE#         54
  -------         ENDPROC       INIT
  -------         PROC          TX1602
  -------         DO            
  D:0003H         SYMBOL        a
  -------         ENDDO         
  C:08EFH         LINE#         57
  C:08EFH         LINE#         58
  C:08EFH         LINE#         63
  C:08F2H         LINE#         64
  C:08F5H         LINE#         65
  C:08F7H         LINE#         66
  C:08FAH         LINE#         67
  C:08FCH         LINE#         68
  C:08FCH         LINE#         69
BL51 BANKED LINKER/LOCATER V5.03                                                      04/29/2014  11:19:51  PAGE 12


  C:0905H         LINE#         70
  C:0908H         LINE#         71
  C:090CH         LINE#         73
  C:0911H         LINE#         74
  C:0918H         LINE#         75
  C:091AH         LINE#         76
  C:091AH         LINE#         77
  C:0923H         LINE#         78
  C:092AH         LINE#         79
  C:092EH         LINE#         81
  C:0930H         LINE#         82
  C:0930H         LINE#         83
  C:0935H         LINE#         84
  C:093CH         LINE#         85
  C:0940H         LINE#         88
  -------         ENDPROC       TX1602
  -------         ENDMOD        1602

  -------         MODULE        12864
  C:0000H         SYMBOL        _ICE_DUMMY_
  D:0080H         PUBLIC        P0
  D:0090H         PUBLIC        P1
  D:00A0H         PUBLIC        P2
  D:00B0H         PUBLIC        P3
  B:00B0H.7       PUBLIC        LCD_PSB
  C:0D42H         PUBLIC        _lcd_wcmd
  C:0D5EH         PUBLIC        _lcd_wdat
  B:00A0H.6       PUBLIC        dula
  B:00A0H.7       PUBLIC        wela
  B:00B0H.4       PUBLIC        LCD_EN
  C:0003H         PUBLIC        _lcd_pos
  C:0B77H         PUBLIC        lcd_init
  C:0C32H         PUBLIC        _delay_12864
  B:00B0H.5       PUBLIC        LCD_RS
  C:0E03H         PUBLIC        lcd_busy
  B:00B0H.6       PUBLIC        LCD_RW
  C:09DAH         PUBLIC        dis1
  C:0764H         PUBLIC        tx12864
  C:09E3H         PUBLIC        dis2
  C:09F5H         PUBLIC        dis3
  C:0A06H         PUBLIC        dis4
  D:0016H         PUBLIC        IRCOM
  D:001AH         PUBLIC        IRDIS
  C:0C2EH         SYMBOL        L?0034
  -------         PROC          L?0033
  -------         ENDPROC       L?0033
  C:0C2EH         SYMBOL        L?0034
  -------         PROC          _DELAY_12864
  D:0006H         SYMBOL        ms
  -------         DO            
  D:000FH         SYMBOL        i
  -------         ENDDO         
  C:0C32H         LINE#         26
  C:0C32H         LINE#         27
  C:0C32H         LINE#         28
  C:0C3CH         LINE#         29
  C:0C3CH         LINE#         31
BL51 BANKED LINKER/LOCATER V5.03                                                      04/29/2014  11:19:51  PAGE 13


  C:0C46H         LINE#         32
  C:0C46H         LINE#         33
  C:0C47H         LINE#         34
  C:0C48H         LINE#         35
  C:0C49H         LINE#         36
  C:0C4AH         LINE#         37
  C:0C4EH         LINE#         38
  C:0C4EH         LINE#         39
  -------         ENDPROC       _DELAY_12864
  -------         PROC          LCD_BUSY
  -------         DO            
  B:0020H.1       SYMBOL        result
  -------         ENDDO         
  C:0E03H         LINE#         46
  C:0E03H         LINE#         47
  C:0E03H         LINE#         49
  C:0E05H         LINE#         50
  C:0E07H         LINE#         51
  C:0E09H         LINE#         52
  C:0E0DH         LINE#         53
  C:0E12H         LINE#         54
  C:0E14H         LINE#         55
  C:0E16H         LINE#         56
  -------         ENDPROC       LCD_BUSY
  -------         PROC          _LCD_WCMD
  D:0007H         SYMBOL        cmd
  C:0D42H         LINE#         63
  C:0D42H         LINE#         64
  C:0D42H         LINE#         65
  C:0D47H         LINE#         66
  C:0D49H         LINE#         67
  C:0D4BH         LINE#         68
  C:0D4DH         LINE#         69
  C:0D4EH         LINE#         70
  C:0D4FH         LINE#         71
  C:0D51H         LINE#         72
  C:0D55H         LINE#         73
  C:0D57H         LINE#         74
  C:0D5BH         LINE#         75
  C:0D5DH         LINE#         76
  -------         ENDPROC       _LCD_WCMD
  -------         PROC          _LCD_WDAT
  D:0007H         SYMBOL        dat
  C:0D5EH         LINE#         83
  C:0D5EH         LINE#         84
  C:0D5EH         LINE#         85
  C:0D63H         LINE#         86
  C:0D65H         LINE#         87
  C:0D67H         LINE#         88
  C:0D69H         LINE#         89
  C:0D6BH         LINE#         90
  C:0D6FH         LINE#         91
  C:0D71H         LINE#         92
  C:0D75H         LINE#         93
  C:0D77H         LINE#         94
  -------         ENDPROC       _LCD_WDAT
  -------         PROC          LCD_INIT
BL51 BANKED LINKER/LOCATER V5.03                                                      04/29/2014  11:19:51  PAGE 14


  C:0B77H         LINE#         100
  C:0B77H         LINE#         101
  C:0B77H         LINE#         103
  C:0B79H         LINE#         105
  C:0B7EH         LINE#         106
  C:0B81H         LINE#         107
  C:0B86H         LINE#         108
  C:0B89H         LINE#         109
  C:0B8EH         LINE#         110
  C:0B91H         LINE#         111
  C:0B96H         LINE#         112
  -------         ENDPROC       LCD_INIT
  -------         PROC          TX12864
  -------         DO            
  D:0006H         SYMBOL        i
  -------         ENDDO         
  C:0764H         LINE#         119
  C:0764H         LINE#         120
  C:0764H         LINE#         122
  C:076BH         LINE#         123
  C:076DH         LINE#         124
  C:076FH         LINE#         125
  C:0772H         LINE#         126
  C:0775H         LINE#         127
  C:077BH         LINE#         128
  C:077DH         LINE#         129
  C:0785H         LINE#         130
  C:0785H         LINE#         131
  C:0788H         LINE#         132
  C:0789H         LINE#         133
  C:078BH         LINE#         134
  C:0792H         LINE#         135
  C:0794H         LINE#         136
  C:079CH         LINE#         137
  C:079CH         LINE#         138
  C:079FH         LINE#         139
  C:07A0H         LINE#         140
  C:07A2H         LINE#         141
  C:07A9H         LINE#         142
  C:07ABH         LINE#         143
  C:07B3H         LINE#         144
  C:07B3H         LINE#         145
  C:07B6H         LINE#         146
  C:07B7H         LINE#         147
  C:07B9H         LINE#         148
  C:07C0H         LINE#         149
  C:07C2H         LINE#         150
  C:07CAH         LINE#         151
  C:07CAH         LINE#         152
  C:07CDH         LINE#         153
  C:07CEH         LINE#         154
  C:07D0H         LINE#         157
  -------         ENDPROC       TX12864
  -------         PROC          _LCD_POS
  D:0007H         SYMBOL        X
  D:0005H         SYMBOL        Y
  -------         DO            
BL51 BANKED LINKER/LOCATER V5.03                                                      04/29/2014  11:19:51  PAGE 15


  D:0007H         SYMBOL        pos
  -------         ENDDO         
  C:0003H         LINE#         164
  C:0003H         LINE#         165
  C:0003H         LINE#         167
  C:0006H         LINE#         168
  C:000AH         LINE#         169
  C:000DH         LINE#         170
  C:0011H         LINE#         171
  C:0014H         LINE#         172
  C:0018H         LINE#         173
  C:001BH         LINE#         174
  C:001DH         LINE#         175
  C:0020H         LINE#         176
  -------         ENDPROC       _LCD_POS
  -------         ENDMOD        12864

  -------         MODULE        AD
  C:0000H         SYMBOL        _ICE_DUMMY_
  D:0080H         PUBLIC        P0
  D:0090H         PUBLIC        P1
  D:00A0H         PUBLIC        P2
  D:00B0H         PUBLIC        P3
  C:0AAEH         PUBLIC        table
  D:00A8H         PUBLIC        IE
  D:00B8H         PUBLIC        IP
  B:00B0H.7       PUBLIC        adrd
  B:00A0H.6       PUBLIC        dula
  B:00A0H.7       PUBLIC        wela
  B:00B0H.6       PUBLIC        adwr
  D:0098H         PUBLIC        SCON
  D:0088H         PUBLIC        TCON
  C:0ACEH         PUBLIC        table1
  C:0ABEH         PUBLIC        table2
  C:0837H         PUBLIC        ad
  C:089CH         PUBLIC        _display
  D:00C8H         PUBLIC        T2CON
  D:00D0H         PUBLIC        PSW
  -------         PROC          _DISPLAY
  D:0007H         SYMBOL        bai_c
  D:0014H         SYMBOL        sh_c
  D:0015H         SYMBOL        g_c
  C:089CH         LINE#         11
  C:08A0H         LINE#         12
  C:08A0H         LINE#         13
  C:08A2H         LINE#         14
  C:08A9H         LINE#         15
  C:08ABH         LINE#         16
  C:08ADH         LINE#         18
  C:08AFH         LINE#         19
  C:08B2H         LINE#         20
  C:08B4H         LINE#         21
  C:08B6H         LINE#         22
  C:08BBH         LINE#         24
  C:08BDH         LINE#         25
  C:08C5H         LINE#         26
  C:08C7H         LINE#         27
BL51 BANKED LINKER/LOCATER V5.03                                                      04/29/2014  11:19:51  PAGE 16


  C:08C9H         LINE#         29
  C:08CBH         LINE#         30
  C:08CEH         LINE#         31
  C:08D0H         LINE#         32
  C:08D2H         LINE#         33
  C:08D7H         LINE#         35
  C:08DFH         LINE#         36
  C:08E1H         LINE#         37
  C:08E3H         LINE#         39
  C:08E6H         LINE#         40
  C:08E8H         LINE#         41
  C:08EAH         LINE#         42
  -------         ENDPROC       _DISPLAY
  -------         PROC          AD
  -------         DO            
  D:000FH         SYMBOL        a
  D:0010H         SYMBOL        b
  D:0011H         SYMBOL        A1
  D:0012H         SYMBOL        A2
  D:0006H         SYMBOL        A2t
  D:0013H         SYMBOL        A3
  D:0007H         SYMBOL        adval
  -------         ENDDO         
  C:0837H         LINE#         45
  C:0837H         LINE#         46
  C:0837H         LINE#         49
  C:083AH         LINE#         50
  C:0840H         LINE#         51
  C:0840H         LINE#         52
  C:0842H         LINE#         53
  C:0845H         LINE#         54
  C:0847H         LINE#         55
  C:0848H         LINE#         56
  C:084AH         LINE#         57
  C:084DH         LINE#         59
  C:084FH         LINE#         60
  C:0852H         LINE#         61
  C:0852H         LINE#         62
  C:085BH         LINE#         63
  C:0864H         LINE#         64
  C:0866H         LINE#         65
  C:0869H         LINE#         66
  C:086CH         LINE#         67
  C:086EH         LINE#         68
  C:0870H         LINE#         69
  C:0872H         LINE#         70
  C:0875H         LINE#         71
  C:0877H         LINE#         72
  C:0879H         LINE#         73
  C:0880H         LINE#         74
  C:0887H         LINE#         75
  C:088EH         LINE#         76
  C:0896H         LINE#         86
  C:089BH         LINE#         88
  -------         ENDPROC       AD
  -------         ENDMOD        AD

BL51 BANKED LINKER/LOCATER V5.03                                                      04/29/2014  11:19:51  PAGE 17


  -------         MODULE        DA
  C:0000H         SYMBOL        _ICE_DUMMY_
  D:0080H         PUBLIC        P0
  D:0090H         PUBLIC        P1
  D:00A0H         PUBLIC        P2
  D:00B0H         PUBLIC        P3
  D:00A8H         PUBLIC        IE
  D:00B8H         PUBLIC        IP
  B:00B0H.2       PUBLIC        csda
  B:00A0H.6       PUBLIC        dula
  B:00A0H.7       PUBLIC        wela
  B:00B0H.6       PUBLIC        dawr
  D:0098H         PUBLIC        SCON
  D:0088H         PUBLIC        TCON
  C:0B50H         PUBLIC        da
  D:00C8H         PUBLIC        T2CON
  C:0E55H         PUBLIC        _delay
  D:00D0H         PUBLIC        PSW
  -------         PROC          _DELAY
  D:0007H         SYMBOL        i
  -------         DO            
  D:0007H         SYMBOL        j
  D:0006H         SYMBOL        k
  -------         ENDDO         
  C:0E55H         LINE#         4
  C:0E55H         LINE#         5
  C:0E55H         LINE#         7
  C:0E5BH         LINE#         8
  C:0E62H         LINE#         9
  -------         ENDPROC       _DELAY
  -------         PROC          DA
  -------         DO            
  D:0004H         SYMBOL        a
  D:0005H         SYMBOL        k
  -------         ENDDO         
  C:0B50H         LINE#         11
  C:0B50H         LINE#         12
  C:0B50H         LINE#         15
  C:0B53H         LINE#         16
  C:0B55H         LINE#         17
  C:0B57H         LINE#         18
  C:0B59H         LINE#         19
  C:0B5BH         LINE#         20
  C:0B5DH         LINE#         21
  C:0B63H         LINE#         22
  C:0B63H         LINE#         23
  C:0B6BH         LINE#         24
  C:0B6BH         LINE#         25
  C:0B6DH         LINE#         26
  C:0B72H         LINE#         27
  C:0B73H         LINE#         28
  C:0B76H         LINE#         31
  C:0B76H         LINE#         33
  -------         ENDPROC       DA
  -------         ENDMOD        DA

  -------         MODULE        DS18B20
BL51 BANKED LINKER/LOCATER V5.03                                                      04/29/2014  11:19:51  PAGE 18


  C:0000H         SYMBOL        _ICE_DUMMY_
  C:0C8FH         PUBLIC        dsreset
  D:0080H         PUBLIC        P0
  D:0090H         PUBLIC        P1
  D:00A0H         PUBLIC        P2
  D:00B0H         PUBLIC        P3
  C:0A14H         PUBLIC        ds18b20
  D:00A8H         PUBLIC        IE
  B:00A0H.2       PUBLIC        DS
  C:0992H         PUBLIC        _tmpwritebyte
  D:00B8H         PUBLIC        IP
  C:0AD8H         PUBLIC        table_18b20
  C:0C57H         PUBLIC        _delay1
  B:00A0H.6       PUBLIC        dula
  B:00A0H.7       PUBLIC        wela
  C:0BE7H         PUBLIC        tmpreadbit
  D:0098H         PUBLIC        SCON
  D:0088H         PUBLIC        TCON
  D:003EH         PUBLIC        temp
  C:0E17H         PUBLIC        tmpchange
  C:0AF8H         PUBLIC        table1_18b20
  C:0AE8H         PUBLIC        table2_18b20
  D:0040H         PUBLIC        flag1
  C:07D1H         PUBLIC        tmp
  D:0041H         PUBLIC        a
  D:0042H         PUBLIC        b
  D:00C8H         PUBLIC        T2CON
  C:06E8H         PUBLIC        _display_18b20
  C:0D08H         PUBLIC        tmpread
  D:00D0H         PUBLIC        PSW
  C:0C53H         SYMBOL        L?0055
  -------         PROC          L?0054
  -------         ENDPROC       L?0054
  C:0C53H         SYMBOL        L?0055
  -------         PROC          _DELAY1
  D:0006H         SYMBOL        count
  -------         DO            
  D:0004H         SYMBOL        i
  -------         ENDDO         
  C:0C57H         LINE#         30
  C:0C57H         LINE#         31
  C:0C57H         LINE#         33
  C:0C5BH         LINE#         34
  C:0C5BH         LINE#         35
  C:0C5FH         LINE#         36
  C:0C5FH         LINE#         37
  C:0C68H         LINE#         38
  C:0C6DH         LINE#         39
  C:0C6FH         LINE#         40
  -------         ENDPROC       _DELAY1
  -------         PROC          DSRESET
  -------         DO            
  D:0006H         SYMBOL        i
  -------         ENDDO         
  C:0C8FH         LINE#         44
  C:0C8FH         LINE#         45
  C:0C8FH         LINE#         47
BL51 BANKED LINKER/LOCATER V5.03                                                      04/29/2014  11:19:51  PAGE 19


  C:0C91H         LINE#         48
  C:0C95H         LINE#         49
  C:0C9EH         LINE#         50
  C:0CA0H         LINE#         51
  C:0CA4H         LINE#         52
  C:0CADH         LINE#         53
  -------         ENDPROC       DSRESET
  -------         PROC          TMPREADBIT
  -------         DO            
  D:0006H         SYMBOL        i
  B:0020H.1       SYMBOL        dat
  -------         ENDDO         
  C:0BE7H         LINE#         55
  C:0BE7H         LINE#         56
  C:0BE7H         LINE#         59
  C:0BEDH         LINE#         60
  C:0BF7H         LINE#         61
  C:0BFBH         LINE#         62
  C:0C08H         LINE#         63
  C:0C0AH         LINE#         64
  -------         ENDPROC       TMPREADBIT
  -------         PROC          TMPREAD
  -------         DO            
  D:0004H         SYMBOL        i
  D:0007H         SYMBOL        j
  D:0005H         SYMBOL        dat
  -------         ENDDO         
  C:0D08H         LINE#         66
  C:0D08H         LINE#         67
  C:0D08H         LINE#         69
  C:0D0AH         LINE#         70
  C:0D0CH         LINE#         71
  C:0D0CH         LINE#         72
  C:0D12H         LINE#         73
  C:0D1EH         LINE#         74
  C:0D22H         LINE#         75
  C:0D24H         LINE#         76
  -------         ENDPROC       TMPREAD
  -------         PROC          _TMPWRITEBYTE
  D:0007H         SYMBOL        dat
  -------         DO            
  D:0002H         SYMBOL        i
  D:0006H         SYMBOL        j
  B:0020H.1       SYMBOL        testb
  -------         ENDDO         
  C:0992H         LINE#         78
  C:0992H         LINE#         79
  C:0992H         LINE#         83
  C:0994H         LINE#         84
  C:0994H         LINE#         85
  C:0998H         LINE#         86
  C:099CH         LINE#         87
  C:099FH         LINE#         88
  C:099FH         LINE#         89
  C:09A1H         LINE#         90
  C:09A9H         LINE#         91
  C:09ABH         LINE#         92
BL51 BANKED LINKER/LOCATER V5.03                                                      04/29/2014  11:19:51  PAGE 20


  C:09BAH         LINE#         93
  C:09BAH         LINE#         95
  C:09BAH         LINE#         96
  C:09BCH         LINE#         97
  C:09C9H         LINE#         98
  C:09CBH         LINE#         99
  C:09D5H         LINE#         100
  C:09D5H         LINE#         102
  C:09D9H         LINE#         103
  -------         ENDPROC       _TMPWRITEBYTE
  -------         PROC          TMPCHANGE
  C:0E17H         LINE#         105
  C:0E17H         LINE#         106
  C:0E17H         LINE#         107
  C:0E1AH         LINE#         108
  C:0E1DH         LINE#         109
  C:0E22H         LINE#         110
  -------         ENDPROC       TMPCHANGE
  -------         PROC          TMP
  -------         DO            
  D:0011H         SYMBOL        tt
  D:0003H         SYMBOL        a
  D:0007H         SYMBOL        b
  -------         ENDDO         
  C:07D1H         LINE#         113
  C:07D1H         LINE#         114
  C:07D1H         LINE#         117
  C:07D4H         LINE#         118
  C:07D7H         LINE#         119
  C:07DCH         LINE#         120
  C:07E1H         LINE#         121
  C:07E6H         LINE#         122
  C:07E9H         LINE#         123
  C:07EEH         LINE#         124
  C:07F5H         LINE#         125
  C:07FBH         LINE#         126
  C:0814H         LINE#         127
  C:0836H         LINE#         128
  C:0836H         LINE#         129
  -------         ENDPROC       TMP
  -------         PROC          _DISPLAY_18B20
  D:0002H         SYMBOL        temp
  -------         DO            
  D:0011H         SYMBOL        A1
  D:0003H         SYMBOL        A2
  D:0007H         SYMBOL        A2t
  D:0002H         SYMBOL        A3
  D:0012H         SYMBOL        ser
  -------         ENDDO         
  C:06E8H         LINE#         132
  C:06ECH         LINE#         133
  C:06ECH         LINE#         135
  C:06F5H         LINE#         137
  C:0702H         LINE#         138
  C:070FH         LINE#         139
  C:0715H         LINE#         140
  C:071CH         LINE#         141
BL51 BANKED LINKER/LOCATER V5.03                                                      04/29/2014  11:19:51  PAGE 21


  C:071EH         LINE#         142
  C:0726H         LINE#         143
  C:0728H         LINE#         144
  C:072AH         LINE#         146
  C:072CH         LINE#         147
  C:072FH         LINE#         148
  C:072FH         LINE#         149
  C:072FH         LINE#         150
  C:0732H         LINE#         152
  C:0734H         LINE#         153
  C:073DH         LINE#         154
  C:073FH         LINE#         155
  C:0741H         LINE#         157
  C:0743H         LINE#         158
  C:0746H         LINE#         159
  C:0746H         LINE#         160
  C:0746H         LINE#         161
  C:0749H         LINE#         163
  C:0752H         LINE#         164
  C:0754H         LINE#         165
  C:0756H         LINE#         167
  C:0759H         LINE#         168
  C:075BH         LINE#         169
  C:075DH         LINE#         170
  -------         ENDPROC       _DISPLAY_18B20
  -------         PROC          DS18B20
  -------         DO            
  D:000FH         SYMBOL        a
  D:0010H         SYMBOL        c
  -------         ENDDO         
  C:0A14H         LINE#         174
  C:0A14H         LINE#         175
  C:0A14H         LINE#         177
  C:0A17H         LINE#         178
  C:0A1DH         LINE#         179
  C:0A1DH         LINE#         181
  C:0A27H         LINE#         182
  C:0A27H         LINE#         183
  C:0A2AH         LINE#         185
  C:0A2DH         LINE#         186
  C:0A33H         LINE#         187
  C:0A3CH         LINE#         188
  C:0A40H         LINE#         189
  C:0A40H         LINE#         190
  C:0A43H         LINE#         191
  C:0A46H         LINE#         192
  C:0A48H         LINE#         193
  C:0A4AH         LINE#         195
  -------         ENDPROC       DS18B20
  -------         ENDMOD        DS18B20

  -------         MODULE        KEY
  C:0000H         SYMBOL        _ICE_DUMMY_
  D:0080H         PUBLIC        P0
  D:0090H         PUBLIC        P1
  D:00A0H         PUBLIC        P2
  D:00B0H         PUBLIC        P3
BL51 BANKED LINKER/LOCATER V5.03                                                      04/29/2014  11:19:51  PAGE 22


  C:0DC7H         PUBLIC        _display_key
  D:00A8H         PUBLIC        IE
  D:00B8H         PUBLIC        IP
  C:0E63H         PUBLIC        _delay_key
  B:00A0H.3       PUBLIC        beep
  B:00A0H.6       PUBLIC        dula
  B:00A0H.7       PUBLIC        wela
  D:0098H         PUBLIC        SCON
  D:0088H         PUBLIC        TCON
  C:0E27H         PUBLIC        table_key
  C:0346H         PUBLIC        key
  D:00C8H         PUBLIC        T2CON
  D:00D0H         PUBLIC        PSW
  C:0DC3H         SYMBOL        L?0049
  -------         PROC          L?0048
  -------         ENDPROC       L?0048
  C:0DC3H         SYMBOL        L?0049
  -------         PROC          _DISPLAY_KEY
  D:0007H         SYMBOL        num
  C:0DC7H         LINE#         16
  C:0DC7H         LINE#         17
  C:0DC7H         LINE#         18
  C:0DCEH         LINE#         20
  C:0DD0H         LINE#         21
  C:0DD2H         LINE#         22
  C:0DD4H         LINE#         23
  C:0DD7H         LINE#         25
  C:0DD9H         LINE#         27
  -------         ENDPROC       _DISPLAY_KEY
  -------         PROC          _DELAY_KEY
  D:0007H         SYMBOL        i
  -------         DO            
  D:0007H         SYMBOL        j
  D:0006H         SYMBOL        k
  -------         ENDDO         
  C:0E63H         LINE#         29
  C:0E63H         LINE#         30
  C:0E63H         LINE#         31
  C:0E69H         LINE#         32
  C:0E70H         LINE#         33
  -------         ENDPROC       _DELAY_KEY
  -------         PROC          KEY
  -------         DO            
  D:000FH         SYMBOL        temp
  D:0010H         SYMBOL        key
  -------         ENDDO         
  C:0346H         LINE#         36
  C:0346H         LINE#         37
  C:0346H         LINE#         40
  C:0348H         LINE#         41
  C:034AH         LINE#         42
  C:0353H         LINE#         43
  C:0353H         LINE#         44
  C:0356H         LINE#         45
  C:0359H         LINE#         46
  C:035CH         LINE#         47
  C:0362H         LINE#         48
BL51 BANKED LINKER/LOCATER V5.03                                                      04/29/2014  11:19:51  PAGE 23


  C:0362H         LINE#         49
  C:0367H         LINE#         50
  C:036DH         LINE#         51
  C:036DH         LINE#         52
  C:0370H         LINE#         53
  C:0382H         LINE#         54
  C:0382H         LINE#         55
  C:0382H         LINE#         56
  C:0385H         LINE#         57
  C:0387H         LINE#         59
  C:0387H         LINE#         60
  C:038AH         LINE#         61
  C:038CH         LINE#         63
  C:038CH         LINE#         64
  C:038FH         LINE#         65
  C:0391H         LINE#         67
  C:0391H         LINE#         68
  C:0394H         LINE#         69
  C:0394H         LINE#         70
  C:0394H         LINE#         71
  C:039AH         LINE#         72
  C:039AH         LINE#         73
  C:039DH         LINE#         74
  C:03A0H         LINE#         75
  C:03A2H         LINE#         76
  C:03A4H         LINE#         77
  C:03A4H         LINE#         78
  C:03A7H         LINE#         96
  C:03AAH         LINE#         97
  C:03AAH         LINE#         98
  C:03AAH         LINE#         99
  C:03ADH         LINE#         100
  C:03B0H         LINE#         101
  C:03B3H         LINE#         102
  C:03B9H         LINE#         103
  C:03B9H         LINE#         104
  C:03BEH         LINE#         105
  C:03C4H         LINE#         106
  C:03C4H         LINE#         107
  C:03C7H         LINE#         108
  C:03D9H         LINE#         109
  C:03D9H         LINE#         110
  C:03D9H         LINE#         111
  C:03DCH         LINE#         112
  C:03DEH         LINE#         114
  C:03DEH         LINE#         115
  C:03E1H         LINE#         116
  C:03E3H         LINE#         118
  C:03E3H         LINE#         119
  C:03E6H         LINE#         120
  C:03E8H         LINE#         122
  C:03E8H         LINE#         123
  C:03EBH         LINE#         124
  C:03EBH         LINE#         125
  C:03EBH         LINE#         126
  C:03F1H         LINE#         127
  C:03F1H         LINE#         128
BL51 BANKED LINKER/LOCATER V5.03                                                      04/29/2014  11:19:51  PAGE 24


  C:03F4H         LINE#         129
  C:03F7H         LINE#         130
  C:03F9H         LINE#         131
  C:03FBH         LINE#         132
  C:03FBH         LINE#         133
  C:03FEH         LINE#         135
  C:0401H         LINE#         136
  C:0401H         LINE#         137
  C:0401H         LINE#         138
  C:0404H         LINE#         139
  C:0407H         LINE#         140
  C:040AH         LINE#         141
  C:0410H         LINE#         142
  C:0410H         LINE#         143
  C:0415H         LINE#         144
  C:041BH         LINE#         145
  C:041BH         LINE#         146
  C:041EH         LINE#         147
  C:0430H         LINE#         148
  C:0430H         LINE#         149
  C:0430H         LINE#         150
  C:0433H         LINE#         151
  C:0435H         LINE#         153
  C:0435H         LINE#         154
  C:0438H         LINE#         155
  C:043AH         LINE#         157
  C:043AH         LINE#         158
  C:043DH         LINE#         159
  C:043FH         LINE#         161
  C:043FH         LINE#         162
  C:0442H         LINE#         163
  C:0442H         LINE#         164
  C:0442H         LINE#         165
  C:0448H         LINE#         166
  C:0448H         LINE#         167
  C:044BH         LINE#         168
  C:044EH         LINE#         169
  C:0450H         LINE#         170
  C:0452H         LINE#         171
  C:0452H         LINE#         172
  C:0455H         LINE#         180
  C:0458H         LINE#         181
  C:0458H         LINE#         182
  C:0458H         LINE#         183
  C:045BH         LINE#         184
  C:045EH         LINE#         185
  C:0461H         LINE#         186
  C:046AH         LINE#         187
  C:046AH         LINE#         188
  C:046FH         LINE#         189
  C:0478H         LINE#         190
  C:0478H         LINE#         191
  C:047BH         LINE#         192
  C:048DH         LINE#         193
  C:048DH         LINE#         194
  C:048DH         LINE#         195
  C:0490H         LINE#         196
BL51 BANKED LINKER/LOCATER V5.03                                                      04/29/2014  11:19:51  PAGE 25


  C:0492H         LINE#         198
  C:0492H         LINE#         199
  C:0495H         LINE#         200
  C:0497H         LINE#         202
  C:0497H         LINE#         203
  C:049AH         LINE#         204
  C:049CH         LINE#         206
  C:049CH         LINE#         207
  C:049FH         LINE#         208
  C:049FH         LINE#         209
  C:049FH         LINE#         210
  C:04A5H         LINE#         211
  C:04A5H         LINE#         212
  C:04A8H         LINE#         213
  C:04ABH         LINE#         214
  C:04ADH         LINE#         215
  C:04AFH         LINE#         216
  C:04AFH         LINE#         217
  C:04B2H         LINE#         225
  C:04B5H         LINE#         226
  C:04B5H         LINE#         227
  C:04B5H         LINE#         229
  C:04B8H         LINE#         236
  C:04BBH         LINE#         237
  C:04BEH         LINE#         238
  C:04C0H         LINE#         239
  C:04C2H         LINE#         241
  -------         ENDPROC       KEY
  -------         ENDMOD        KEY

  -------         MODULE        LED
  C:0000H         SYMBOL        _ICE_DUMMY_
  D:0090H         PUBLIC        P1
  D:00A0H         PUBLIC        P2
  D:00B0H         PUBLIC        P3
  D:00A8H         PUBLIC        IE
  D:00B8H         PUBLIC        IP
  B:00A0H.3       PUBLIC        beep
  D:0098H         PUBLIC        SCON
  D:0088H         PUBLIC        TCON
  C:0A7EH         PUBLIC        led
  C:0E85H         PUBLIC        delay10ms
  D:00C8H         PUBLIC        T2CON
  D:00D0H         PUBLIC        PSW
  -------         PROC          DELAY10MS
  -------         DO            
  D:0007H         SYMBOL        a
  D:0006H         SYMBOL        b
  -------         ENDDO         
  C:0E85H         LINE#         5
  C:0E85H         LINE#         6
  C:0E85H         LINE#         7
  C:0E87H         LINE#         8
  C:0E8DH         LINE#         9
  -------         ENDPROC       DELAY10MS
  -------         PROC          LED
  -------         DO            
BL51 BANKED LINKER/LOCATER V5.03                                                      04/29/2014  11:19:51  PAGE 26


  D:0005H         SYMBOL        liushui
  D:0004H         SYMBOL        k
  D:0007H         SYMBOL        j
  -------         ENDDO         
  C:0A7EH         LINE#         11
  C:0A7EH         LINE#         12
  C:0A7EH         LINE#         15
  C:0A80H         LINE#         16
  C:0A86H         LINE#         17
  C:0A86H         LINE#         18
  C:0A8EH         LINE#         19
  C:0A8EH         LINE#         20
  C:0A91H         LINE#         21
  C:0A93H         LINE#         22
  C:0A96H         LINE#         23
  C:0A98H         LINE#         24
  C:0AA4H         LINE#         25
  C:0AA5H         LINE#         26
  C:0AA7H         LINE#         27
  C:0AAAH         LINE#         29
  C:0AAAH         LINE#         30
  C:0AADH         LINE#         31
  -------         ENDPROC       LED
  -------         ENDMOD        LED

  -------         MODULE        MAIN
  C:0000H         SYMBOL        _ICE_DUMMY_
  D:0090H         PUBLIC        P1
  D:00A0H         PUBLIC        P2
  D:00B0H         PUBLIC        P3
  D:00A8H         PUBLIC        IE
  D:00B8H         PUBLIC        IP
  B:0098H.1       PUBLIC        TI
  C:0E46H         PUBLIC        main
  C:05B2H         PUBLIC        test_process
  B:00A0H.6       PUBLIC        dula
  B:00A0H.7       PUBLIC        wela
  D:0099H         PUBLIC        SBUF
  D:0098H         PUBLIC        SCON
  D:0088H         PUBLIC        TCON
  D:00C8H         PUBLIC        T2CON
  D:00D0H         PUBLIC        PSW
  -------         PROC          MAIN
  C:0E46H         LINE#         28
  C:0E46H         LINE#         29
  C:0E46H         LINE#         31
  C:0E48H         LINE#         32
  C:0E4AH         LINE#         33
  C:0E4DH         LINE#         34
  C:0E50H         LINE#         35
  C:0E50H         LINE#         36
  C:0E50H         LINE#         37
  C:0E53H         LINE#         38
  -------         ENDPROC       MAIN
  -------         PROC          TEST_PROCESS
  C:05B2H         LINE#         42
  C:05B2H         LINE#         43
BL51 BANKED LINKER/LOCATER V5.03                                                      04/29/2014  11:19:51  PAGE 27


  C:05B2H         LINE#         44
  C:05E8H         LINE#         45
  C:05E8H         LINE#         46
  C:05E8H         LINE#         47
  C:05E8H         LINE#         48
  C:05EBH         LINE#         49
  C:05EEH         LINE#         50
  C:05EFH         LINE#         51
  C:05EFH         LINE#         52
  C:05EFH         LINE#         53
  C:05F2H         LINE#         54
  C:05F5H         LINE#         55
  C:05F7H         LINE#         56
  C:05FAH         LINE#         57
  C:05FAH         LINE#         58
  C:05FAH         LINE#         59
  C:05FCH         LINE#         60
  C:05FCH         LINE#         61
  C:05FCH         LINE#         62
  C:05FFH         LINE#         63
  C:0602H         LINE#         64
  C:0604H         LINE#         65
  C:0607H         LINE#         66
  C:0607H         LINE#         67
  C:0607H         LINE#         68
  C:0609H         LINE#         69
  C:0609H         LINE#         70
  C:0609H         LINE#         71
  C:060CH         LINE#         72
  C:060FH         LINE#         73
  C:0611H         LINE#         74
  C:0614H         LINE#         75
  C:0614H         LINE#         76
  C:0614H         LINE#         77
  C:0616H         LINE#         78
  C:0616H         LINE#         80
  C:0616H         LINE#         81
  C:0619H         LINE#         82
  C:061CH         LINE#         83
  C:061EH         LINE#         84
  C:0621H         LINE#         85
  C:0621H         LINE#         86
  C:0621H         LINE#         87
  C:0623H         LINE#         88
  C:0623H         LINE#         90
  C:0623H         LINE#         91
  C:0626H         LINE#         92
  C:0629H         LINE#         93
  C:062BH         LINE#         94
  C:062EH         LINE#         95
  C:062EH         LINE#         96
  C:062EH         LINE#         97
  C:0630H         LINE#         98
  C:0630H         LINE#         99
  C:0630H         LINE#         100
  C:0633H         LINE#         101
  C:0636H         LINE#         102
BL51 BANKED LINKER/LOCATER V5.03                                                      04/29/2014  11:19:51  PAGE 28


  C:0638H         LINE#         103
  C:063BH         LINE#         104
  C:063BH         LINE#         105
  C:063BH         LINE#         106
  C:063DH         LINE#         107
  C:063DH         LINE#         108
  C:063DH         LINE#         109
  C:0640H         LINE#         110
  C:0643H         LINE#         111
  C:0645H         LINE#         112
  C:0648H         LINE#         113
  C:0648H         LINE#         114
  C:0648H         LINE#         115
  C:064AH         LINE#         116
  C:064AH         LINE#         117
  C:064AH         LINE#         118
  C:064DH         LINE#         119
  C:0650H         LINE#         120
  C:0652H         LINE#         121
  C:0655H         LINE#         122
  C:0658H         LINE#         123
  C:065BH         LINE#         124
  C:065BH         LINE#         125
  C:065BH         LINE#         127
  C:065BH         LINE#         129
  -------         ENDPROC       TEST_PROCESS
  -------         ENDMOD        MAIN

  -------         MODULE        UART
  C:0000H         SYMBOL        _ICE_DUMMY_
  D:0090H         PUBLIC        P1
  D:00A0H         PUBLIC        P2
  D:00B0H         PUBLIC        P3
  C:0E8EH         PUBLIC        serial
  B:00A8H.7       PUBLIC        EA
  C:0D25H         PUBLIC        _send_string
  C:0E97H         PUBLIC        _send_char
  D:00A8H         PUBLIC        IE
  B:00A8H.4       PUBLIC        ES
  D:00B8H         PUBLIC        IP
  B:0098H.0       PUBLIC        RI
  B:0098H.1       PUBLIC        TI
  C:0E9FH         PUBLIC        start
  D:0099H         PUBLIC        SBUF
  D:0087H         PUBLIC        PCON
  D:0098H         PUBLIC        SCON
  D:0089H         PUBLIC        TMOD
  D:0088H         PUBLIC        TCON
  C:0DAAH         PUBLIC        uart
  D:008DH         PUBLIC        TH1
  B:0098H.7       PUBLIC        SM0
  B:0098H.6       PUBLIC        SM1
  D:008BH         PUBLIC        TL1
  B:0088H.6       PUBLIC        TR1
  B:0098H.4       PUBLIC        REN
  D:00C8H         PUBLIC        T2CON
  D:001CH         PUBLIC        message
BL51 BANKED LINKER/LOCATER V5.03                                                      04/29/2014  11:19:51  PAGE 29


  D:00D0H         PUBLIC        PSW
  -------         PROC          _SEND_CHAR
  D:0007H         SYMBOL        date
  C:0E97H         LINE#         5
  C:0E97H         LINE#         7
  C:0E97H         LINE#         8
  C:0E99H         LINE#         9
  C:0E9CH         LINE#         10
  C:0E9EH         LINE#         11
  -------         ENDPROC       _SEND_CHAR
  -------         PROC          _SEND_STRING
  D:0004H         SYMBOL        buffer
  C:0D25H         LINE#         13
  C:0D29H         LINE#         14
  C:0D29H         LINE#         15
  C:0D31H         LINE#         16
  C:0D41H         LINE#         18
  -------         ENDPROC       _SEND_STRING
  -------         PROC          START
  C:0E9FH         LINE#         21
  C:0E9FH         LINE#         22
  C:0E9FH         LINE#         23
  -------         ENDPROC       START
  -------         PROC          UART
  C:0DAAH         LINE#         36
  C:0DAAH         LINE#         37
  C:0DAAH         LINE#         38
  C:0DADH         LINE#         39
  C:0DB0H         LINE#         40
  C:0DB3H         LINE#         41
  C:0DB5H         LINE#         42
  C:0DB7H         LINE#         43
  C:0DB9H         LINE#         44
  C:0DBBH         LINE#         45
  C:0DBDH         LINE#         46
  C:0DBFH         LINE#         47
  C:0DC2H         LINE#         48
  -------         ENDPROC       UART
  -------         PROC          SERIAL
  C:0E8EH         LINE#         51
  C:0E8EH         LINE#         53
  C:0E91H         LINE#         54
  C:0E93H         LINE#         55
  C:0E96H         LINE#         56
  C:0E96H         LINE#         58
  -------         ENDPROC       SERIAL
  -------         ENDMOD        UART

  -------         MODULE        ?C?FPADD
  C:002DH         PUBLIC        ?C?FPADD
  C:0029H         PUBLIC        ?C?FPSUB
  -------         ENDMOD        ?C?FPADD

  -------         MODULE        ?C?FPMUL
  C:011EH         PUBLIC        ?C?FPMUL
  -------         ENDMOD        ?C?FPMUL

BL51 BANKED LINKER/LOCATER V5.03                                                      04/29/2014  11:19:51  PAGE 30


  -------         MODULE        ?C?FCAST
  C:022EH         PUBLIC        ?C?FCASTC
  C:0229H         PUBLIC        ?C?FCASTI
  C:0224H         PUBLIC        ?C?FCASTL
  -------         ENDMOD        ?C?FCAST

  -------         MODULE        ?C?CASTF
  C:0262H         PUBLIC        ?C?CASTF
  -------         ENDMOD        ?C?CASTF

  -------         MODULE        ?C?UIDIV
  C:02E3H         PUBLIC        ?C?UIDIV
  -------         ENDMOD        ?C?UIDIV

  -------         MODULE        ?C?LNEG
  C:0338H         PUBLIC        ?C?LNEG
  -------         ENDMOD        ?C?LNEG

Program Size: data=64.2 xdata=0 code=3756
LINK/LOCATE RUN COMPLETE.  0 WARNING(S),  0 ERROR(S)
