C51 COMPILER V6.12  MATRIX                                                                 05/22/2017 11:23:56 PAGE 1   


C51 COMPILER V6.12, COMPILATION OF MODULE MATRIX
OBJECT MODULE PLACED IN .\matrix.OBJ
COMPILER INVOKED BY: D:\[Software]\Keil\C51\BIN\C51.EXE .\matrix.c DEBUG OBJECTEXTEND

stmt level    source

   1          #include<reg52.h>
   2          #define uchar unsigned char
   3          #define uint unsigned int
   4          
   5          sbit Weixuan = P2^7;
   6          sbit Duanxuan = P2^6;
   7          sbit s2 = P3^4;
   8          
   9          uchar code DigitronTable[] =
  10          {
  11              0x3f, 0x06, 0x5b, 0x4f,
  12              0x66, 0x6d, 0x7d, 0x07,
  13              0x7f, 0x6f, 0x77, 0x7c,
  14              0x39, 0x5e, 0x79, 0x71
  15          };
  16          
  17          uchar code WeiTable[] =
  18          {
  19              0xfe, 0xfd, 0xfb, 0xf7, 0xef, 0xdf
  20          };
  21          
  22          uchar code Row[] =
  23          {
  24              0xfe, 0xfd, 0xfb, 0xf7
  25          };
  26          
  27          uchar code Column[] =
  28          {
  29              0xe0, 0xd0, 0xb0, 0x70
  30          };
  31          
  32          uint key = 0;
  33          uint N_50ms = 65536 - 45872;
  34          
  35          void init();
  36          void keyscan();
  37          void display(uint);
  38          void delayms(uint);
  39          
  40          void main()
  41          {
  42   1      	init();
  43   1      	while(1)
  44   1      	{
  45   2      		keyscan();
  46   2      	}
  47   1      }
  48          
  49          void init()
  50          {
  51   1      	Duanxuan = 1;
  52   1      	P0 = 0x00;
  53   1      	Duanxuan = 0;
  54   1      	P0 = 0xff;
  55   1      	Weixuan = 1;
C51 COMPILER V6.12  MATRIX                                                                 05/22/2017 11:23:56 PAGE 2   

  56   1      	P0 = 0xc0;	// 1100 0000
  57   1      	Weixuan = 0;
  58   1      }
  59          
  60          void keyscan()
  61          {
  62   1      	uint i, temp, key;
  63   1      	for(i=0;i<=3;i++)
  64   1      	{
  65   2      		P3 = Row[i];
  66   2      		temp = P3 & 0xf0;	// 提取列信息
  67   2      		if(temp!=0xf0)	// 有列低电平，按键按下
  68   2      		{
  69   3      			delayms(10);
  70   3      			P3 = Row[i];
  71   3      			temp = P3 & 0xf0;
  72   3      			if(temp!=0xf0)
  73   3      			{
  74   4      				switch(temp)
  75   4      				{
  76   5      					case 0xe0:
  77   5      						key = i*4 + 0;
  78   5      						break;
  79   5      					case 0xd0:
  80   5      						key = i*4 + 1;
  81   5      						break;
  82   5      					case 0xb0:
  83   5      						key = i*4 + 2;
  84   5      						break;
  85   5      					case 0x70:
  86   5      						key = i*4 + 3;
  87   5      						break;
  88   5      				}
  89   4      				while(temp!=0xf0)
  90   4      				{
  91   5      					temp = P3 & 0xf0;
  92   5      					display(key);
  93   5      				}
  94   4      			}
  95   3      		}
  96   2      	}
  97   1      //	if(s2==0)
  98   1      //	{
  99   1      //		delayms(10);
 100   1      //		if(s2==0)
 101   1      //			init();
 102   1      //		while(s2==0);
 103   1      //	}
 104   1      }
 105          
 106          void display(uint number)
 107          {
 108   1      	Duanxuan = 1;
 109   1      	P0 = DigitronTable[number];
 110   1      	Duanxuan = 0;
 111   1      }
 112          
 113          void delayms(uint xms)
 114          {
 115   1           unsigned int i, j;
 116   1           for (i=xms; i>0; i--)
 117   1                for (j=110; j>0; j--);
C51 COMPILER V6.12  MATRIX                                                                 05/22/2017 11:23:56 PAGE 3   

 118   1      }
 119          
 120          


MODULE INFORMATION:   STATIC OVERLAYABLE
   CODE SIZE        =    287    ----
   CONSTANT SIZE    =     30    ----
   XDATA SIZE       =   ----    ----
   PDATA SIZE       =   ----    ----
   DATA SIZE        =      4       6
   IDATA SIZE       =   ----    ----
   BIT SIZE         =   ----    ----
END OF MODULE INFORMATION.


C51 COMPILATION COMPLETE.  0 WARNING(S),  0 ERROR(S)
