C51 COMPILER V6.12  DAC                                                                    05/30/2017 21:45:29 PAGE 1   


C51 COMPILER V6.12, COMPILATION OF MODULE DAC
OBJECT MODULE PLACED IN .\DAC.OBJ
COMPILER INVOKED BY: D:\[Software]\Keil\C51\BIN\C51.EXE .\DAC.c DEBUG OBJECTEXTEND

stmt level    source

   1          #include<reg52.h>
   2          
   3          #define uchar unsigned char
   4          #define uint unsigned int
   5          
   6          sbit Weixuan = P2^7;
   7          sbit DA_CS = P3^2;
   8          sbit DA_WR = P3^6;
   9          sbit beep = P2^3;
  10          
  11          void delay(uint);
  12          
  13          uchar cnt;
  14          bit up_down = 1;
  15          uint period = 5000;
  16          
  17          void main()
  18          {
  19   1      	Weixuan = 0;
  20   1      	
  21   1      	DA_CS = 0;
  22   1      	P0 = 0;
  23   1      	DA_WR = 0;
  24   1      
  25   1      	while(1)
  26   1      	{
  27   2      		if(up_down==1)	// up
  28   2      		{
  29   3      			cnt+=5;
  30   3      			P0 = cnt;
  31   3      			if(cnt>=255)
  32   3      			{
  33   4      				up_down = 0;
  34   4      				beep = 0;
  35   4      				delay(50);
  36   4      				beep = 1;
  37   4      			}
  38   3      			delay(period/2/(255/5));
  39   3      		}
  40   2      		else	// down
  41   2      		{
  42   3      			cnt-=5;
  43   3      			P0 = cnt;
  44   3      			if(cnt<=00)
  45   3      			{
  46   4      				up_down = 1;
  47   4      				beep = 0;
  48   4      				delay(50);
  49   4      				beep = 1;
  50   4      			}
  51   3      			delay(period/2/(255/5));
  52   3      		}
  53   2      	}
  54   1      }
  55          
C51 COMPILER V6.12  DAC                                                                    05/30/2017 21:45:29 PAGE 2   

  56          void delay(uint x)
  57          {
  58   1      	uint i,j;
  59   1      	for(i=0;i<x;i++)
  60   1      		for(j=0;j<110;j++);
  61   1      }
  62          


MODULE INFORMATION:   STATIC OVERLAYABLE
   CODE SIZE        =    126    ----
   CONSTANT SIZE    =   ----    ----
   XDATA SIZE       =   ----    ----
   PDATA SIZE       =   ----    ----
   DATA SIZE        =      3    ----
   IDATA SIZE       =   ----    ----
   BIT SIZE         =      1    ----
END OF MODULE INFORMATION.


C51 COMPILATION COMPLETE.  0 WARNING(S),  0 ERROR(S)
